Archive member included to satisfy reference by file (symbol)

c:/program files (x86)/atmel/studio/7.0/toolchain/arm/arm-gnu-toolchain/bin/../lib/gcc/arm-none-eabi/6.3.1/../../../../arm-none-eabi/lib/thumb/v7e-m\libc_nano.a(lib_a-exit.o)
                              c:/program files (x86)/atmel/studio/7.0/toolchain/arm/arm-gnu-toolchain/bin/../lib/gcc/arm-none-eabi/6.3.1/../../../../arm-none-eabi/lib/thumb/v7e-m/crt0.o (exit)
c:/program files (x86)/atmel/studio/7.0/toolchain/arm/arm-gnu-toolchain/bin/../lib/gcc/arm-none-eabi/6.3.1/../../../../arm-none-eabi/lib/thumb/v7e-m\libc_nano.a(lib_a-impure.o)
                              c:/program files (x86)/atmel/studio/7.0/toolchain/arm/arm-gnu-toolchain/bin/../lib/gcc/arm-none-eabi/6.3.1/../../../../arm-none-eabi/lib/thumb/v7e-m\libc_nano.a(lib_a-exit.o) (_global_impure_ptr)
c:/program files (x86)/atmel/studio/7.0/toolchain/arm/arm-gnu-toolchain/bin/../lib/gcc/arm-none-eabi/6.3.1/../../../../arm-none-eabi/lib/thumb/v7e-m\libc_nano.a(lib_a-init.o)
                              c:/program files (x86)/atmel/studio/7.0/toolchain/arm/arm-gnu-toolchain/bin/../lib/gcc/arm-none-eabi/6.3.1/../../../../arm-none-eabi/lib/thumb/v7e-m/crt0.o (__libc_init_array)
c:/program files (x86)/atmel/studio/7.0/toolchain/arm/arm-gnu-toolchain/bin/../lib/gcc/arm-none-eabi/6.3.1/../../../../arm-none-eabi/lib/thumb/v7e-m\libc_nano.a(lib_a-memcpy-stub.o)
                              source/drivers/chirpmicro/src/ch_driver.o (memcpy)
c:/program files (x86)/atmel/studio/7.0/toolchain/arm/arm-gnu-toolchain/bin/../lib/gcc/arm-none-eabi/6.3.1/../../../../arm-none-eabi/lib/thumb/v7e-m\libc_nano.a(lib_a-memset.o)
                              c:/program files (x86)/atmel/studio/7.0/toolchain/arm/arm-gnu-toolchain/bin/../lib/gcc/arm-none-eabi/6.3.1/../../../../arm-none-eabi/lib/thumb/v7e-m/crt0.o (memset)
c:/program files (x86)/atmel/studio/7.0/toolchain/arm/arm-gnu-toolchain/bin/../lib/gcc/arm-none-eabi/6.3.1/../../../../arm-none-eabi/lib/thumb/v7e-m\libc_nano.a(lib_a-nano-vfprintf_float.o)
                              (_printf_float)
c:/program files (x86)/atmel/studio/7.0/toolchain/arm/arm-gnu-toolchain/bin/../lib/gcc/arm-none-eabi/6.3.1/../../../../arm-none-eabi/lib/thumb/v7e-m\libc_nano.a(lib_a-nano-vfprintf_i.o)
                              c:/program files (x86)/atmel/studio/7.0/toolchain/arm/arm-gnu-toolchain/bin/../lib/gcc/arm-none-eabi/6.3.1/../../../../arm-none-eabi/lib/thumb/v7e-m\libc_nano.a(lib_a-nano-vfprintf_float.o) (_printf_common)
c:/program files (x86)/atmel/studio/7.0/toolchain/arm/arm-gnu-toolchain/bin/../lib/gcc/arm-none-eabi/6.3.1/../../../../arm-none-eabi/lib/thumb/v7e-m\libc_nano.a(lib_a-printf.o)
                              source/application/smartsonic-hellochirp-example/main.o (iprintf)
c:/program files (x86)/atmel/studio/7.0/toolchain/arm/arm-gnu-toolchain/bin/../lib/gcc/arm-none-eabi/6.3.1/../../../../arm-none-eabi/lib/thumb/v7e-m\libc_nano.a(lib_a-setbuf.o)
                              source/drivers/inv/inv_uart.o (setbuf)
c:/program files (x86)/atmel/studio/7.0/toolchain/arm/arm-gnu-toolchain/bin/../lib/gcc/arm-none-eabi/6.3.1/../../../../arm-none-eabi/lib/thumb/v7e-m\libc_nano.a(lib_a-setvbuf.o)
                              c:/program files (x86)/atmel/studio/7.0/toolchain/arm/arm-gnu-toolchain/bin/../lib/gcc/arm-none-eabi/6.3.1/../../../../arm-none-eabi/lib/thumb/v7e-m\libc_nano.a(lib_a-setbuf.o) (setvbuf)
c:/program files (x86)/atmel/studio/7.0/toolchain/arm/arm-gnu-toolchain/bin/../lib/gcc/arm-none-eabi/6.3.1/../../../../arm-none-eabi/lib/thumb/v7e-m\libc_nano.a(lib_a-snprintf.o)
                              source/drivers/chirpmicro/src/ch_common.o (snprintf)
c:/program files (x86)/atmel/studio/7.0/toolchain/arm/arm-gnu-toolchain/bin/../lib/gcc/arm-none-eabi/6.3.1/../../../../arm-none-eabi/lib/thumb/v7e-m\libc_nano.a(lib_a-strlen.o)
                              c:/program files (x86)/atmel/studio/7.0/toolchain/arm/arm-gnu-toolchain/bin/../lib/gcc/arm-none-eabi/6.3.1/../../../../arm-none-eabi/lib/thumb/v7e-m\libc_nano.a(lib_a-nano-vfprintf_float.o) (strlen)
c:/program files (x86)/atmel/studio/7.0/toolchain/arm/arm-gnu-toolchain/bin/../lib/gcc/arm-none-eabi/6.3.1/../../../../arm-none-eabi/lib/thumb/v7e-m\libc_nano.a(lib_a-dtoa.o)
                              c:/program files (x86)/atmel/studio/7.0/toolchain/arm/arm-gnu-toolchain/bin/../lib/gcc/arm-none-eabi/6.3.1/../../../../arm-none-eabi/lib/thumb/v7e-m\libc_nano.a(lib_a-nano-vfprintf_float.o) (_dtoa_r)
c:/program files (x86)/atmel/studio/7.0/toolchain/arm/arm-gnu-toolchain/bin/../lib/gcc/arm-none-eabi/6.3.1/../../../../arm-none-eabi/lib/thumb/v7e-m\libc_nano.a(lib_a-fflush.o)
                              c:/program files (x86)/atmel/studio/7.0/toolchain/arm/arm-gnu-toolchain/bin/../lib/gcc/arm-none-eabi/6.3.1/../../../../arm-none-eabi/lib/thumb/v7e-m\libc_nano.a(lib_a-setvbuf.o) (_fflush_r)
[...]
Memory Configuration

Name             Origin             Length             Attributes
rom              0x00400000         0x00080000         xr
ram              0x20000000         0x00028000         xrw
*default*        0x00000000         0xffffffff

Linker script and memory map

LOAD c:/program files (x86)/atmel/studio/7.0/toolchain/arm/arm-gnu-toolchain/bin/../lib/gcc/arm-none-eabi/6.3.1/thumb/v7e-m/crti.o
LOAD c:/program files (x86)/atmel/studio/7.0/toolchain/arm/arm-gnu-toolchain/bin/../lib/gcc/arm-none-eabi/6.3.1/thumb/v7e-m/crtbegin.o
LOAD c:/program files (x86)/atmel/studio/7.0/toolchain/arm/arm-gnu-toolchain/bin/../lib/gcc/arm-none-eabi/6.3.1/../../../../arm-none-eabi/lib/thumb/v7e-m/crt0.o
LOAD source/application/smartsonic-hellochirp-example/main.o
LOAD source/ultrasound/src/ultrasound_display_config_info.o
LOAD source/time/src/time.o
LOAD source/board/common/services/clock/samg/sysclk.o
LOAD source/board/common/services/delay/sam/cycle_counter.o
LOAD source/board/common/services/serial/usart_serial.o
LOAD source/board/common/services/sleepmgr/sam/sleepmgr.o
LOAD source/board/common/utils/interrupt/interrupt_sam_nvic.o
LOAD source/board/common/utils/stdio/read.o
LOAD source/board/common/utils/stdio/write.o
LOAD source/board/HAL/src/bsp_misc_samg55.o
LOAD source/board/HAL/src/chbsp_chirp_samg55.o
LOAD source/board/HAL/src/time_hal.o
LOAD source/board/sam/boards/samg55_xplained_pro/board_init.o
LOAD source/board/sam/drivers/adc/adc2.o
LOAD source/board/sam/drivers/efc/efc.o
LOAD source/board/sam/drivers/flexcom/flexcom.o
LOAD source/board/sam/drivers/pdc/pdc.o
LOAD source/board/sam/drivers/pio/pio.o
LOAD source/board/sam/drivers/pio/pio_handler.o
LOAD source/board/sam/drivers/pmc/pmc.o
LOAD source/board/sam/drivers/pmc/sleep.o
LOAD source/board/sam/drivers/rtc/rtc.o
LOAD source/board/sam/drivers/rtt/rtt.o
LOAD source/board/sam/drivers/spi/spi.o
LOAD source/board/sam/drivers/supc/supc.o
LOAD source/board/sam/drivers/tc/tc.o
LOAD source/board/sam/drivers/twi/twi.o
LOAD source/board/sam/drivers/usart/usart.o
LOAD source/board/sam/utils/cmsis/samg/samg55/source/templates/gcc/startup_samg55.o
LOAD source/board/sam/utils/cmsis/samg/samg55/source/templates/system_samg55.o
LOAD source/board/sam/utils/syscalls/gcc/syscalls.o
LOAD source/drivers/chirpmicro/src/ch101_gpr_sr.o
LOAD source/drivers/chirpmicro/src/ch101_gpr_sr_fw.o
LOAD source/drivers/chirpmicro/src/ch101_gpr_sr_narrow.o
LOAD source/drivers/chirpmicro/src/ch101_gpr_sr_narrow_fw.o
LOAD source/drivers/chirpmicro/src/ch201_gprmt.o
LOAD source/drivers/chirpmicro/src/ch201_gprmt_fw.o
LOAD source/drivers/chirpmicro/src/ch101_gpr.o
LOAD source/drivers/chirpmicro/src/ch101_gpr_fw.o
LOAD source/drivers/chirpmicro/src/ch101_gpr_narrow.o
LOAD source/drivers/chirpmicro/src/ch101_gpr_narrow_fw.o
LOAD source/drivers/chirpmicro/src/chbsp_dummy.o
LOAD source/drivers/chirpmicro/src/ch_api.o
LOAD source/drivers/chirpmicro/src/ch_common.o
LOAD source/drivers/chirpmicro/src/ch_driver.o
LOAD source/drivers/chirpmicro/src/ch_math_utils.o
LOAD source/drivers/inv/inv_i2c.o
LOAD source/drivers/inv/inv_uart.o
START GROUP
LOAD c:/program files (x86)/atmel/studio/7.0/toolchain/arm/arm-gnu-toolchain/bin/../lib/gcc/arm-none-eabi/6.3.1/../../../../arm-none-eabi/lib/thumb/v7e-m\libm.a
END GROUP
LOAD c:/program files (x86)/atmel/studio/7.0/toolchain/arm/arm-gnu-toolchain/bin/../lib/gcc/arm-none-eabi/6.3.1/../../../../arm-none-eabi/lib/thumb/v7e-m\libc_nano.a
START GROUP
LOAD c:/program files (x86)/atmel/studio/7.0/toolchain/arm/arm-gnu-toolchain/bin/../lib/gcc/arm-none-eabi/6.3.1/thumb/v7e-m\libgcc.a
LOAD c:/program files (x86)/atmel/studio/7.0/toolchain/arm/arm-gnu-toolchain/bin/../lib/gcc/arm-none-eabi/6.3.1/../../../../arm-none-eabi/lib/thumb/v7e-m\libc_nano.a
END GROUP
START GROUP
LOAD c:/program files (x86)/atmel/studio/7.0/toolchain/arm/arm-gnu-toolchain/bin/../lib/gcc/arm-none-eabi/6.3.1/thumb/v7e-m\libgcc.a
LOAD c:/program files (x86)/atmel/studio/7.0/toolchain/arm/arm-gnu-toolchain/bin/../lib/gcc/arm-none-eabi/6.3.1/../../../../arm-none-eabi/lib/thumb/v7e-m\libc_nano.a
END GROUP
LOAD c:/program files (x86)/atmel/studio/7.0/toolchain/arm/arm-gnu-toolchain/bin/../lib/gcc/arm-none-eabi/6.3.1/thumb/v7e-m/crtend.o
LOAD c:/program files (x86)/atmel/studio/7.0/toolchain/arm/arm-gnu-toolchain/bin/../lib/gcc/arm-none-eabi/6.3.1/thumb/v7e-m/crtn.o
                0x00003000                __stack_size__ = DEFINED (__stack_size__)?__stack_size__:0x3000
                0x20027ffc                __ram_end__ = ((ORIGIN (ram) + LENGTH (ram)) - 0x4)

.text           0x00400000     0xe178
                0x00400000                . = ALIGN (0x4)
                0x00400000                _sfixed = .
 *(.vectors .vectors.*)
 .vectors       0x00400000      0x148 source/board/sam/utils/cmsis/samg/samg55/source/templates/gcc/startup_samg55.o
                0x00400000                exception_table
 *(.text .text.* .gnu.linkonce.t.*)
 .text          0x00400148       0x6c c:/program files (x86)/atmel/studio/7.0/toolchain/arm/arm-gnu-toolchain/bin/../lib/gcc/arm-none-eabi/6.3.1/thumb/v7e-m/crtbegin.o
 .text.main     0x004001b4      0x3ec source/application/smartsonic-hellochirp-example/main.o
                0x004001b4                main
 .text.periodic_timer_callback
                0x004005a0       0x24 source/application/smartsonic-hellochirp-example/main.o
                0x004005a0                periodic_timer_callback
 .text.sensor_int_callback
                0x004005c4       0x94 source/application/smartsonic-hellochirp-example/main.o
 .text.io_complete_callback
                0x00400658       0x24 source/application/smartsonic-hellochirp-example/main.o
 .text.handle_data_ready
                0x0040067c      0x1dc source/application/smartsonic-hellochirp-example/main.o
 .text.display_iq_data
                0x00400858       0xdc source/application/smartsonic-hellochirp-example/main.o
 .text.ultrasound_display_config_info
                0x00400934      0x1c4 source/ultrasound/src/ultrasound_display_config_info.o
                0x00400934                ultrasound_display_config_info
 .text.time_get_in_us
                0x00400af8       0x18 source/time/src/time.o
                0x00400af8                time_get_in_us
 .text.osc_enable
                0x00400b10       0x88 source/board/common/services/clock/samg/sysclk.o
 .text.osc_is_ready
                0x00400b98       0x70 source/board/common/services/clock/samg/sysclk.o
 .text.osc_get_rate
                0x00400c08       0x74 source/board/common/services/clock/samg/sysclk.o
 .text.osc_wait_ready
                0x00400c7c       0x2c source/board/common/services/clock/samg/sysclk.o
 .text.pll_config_init
                0x00400ca8       0x54 source/board/common/services/clock/samg/sysclk.o
 .text.pll_enable
                0x00400cfc       0x40 source/board/common/services/clock/samg/sysclk.o
 .text.pll_is_locked
                0x00400d3c       0x38 source/board/common/services/clock/samg/sysclk.o
 .text.pll_enable_source
                0x00400d74       0x38 source/board/common/services/clock/samg/sysclk.o
 .text.pll_wait_for_lock
                0x00400dac       0x24 source/board/common/services/clock/samg/sysclk.o
 .text.sysclk_get_main_hz
                0x00400dd0       0x1c source/board/common/services/clock/samg/sysclk.o
 .text.sysclk_get_cpu_hz
                0x00400dec       0x14 source/board/common/services/clock/samg/sysclk.o
 .text.sysclk_init
                0x00400e00       0xc8 source/board/common/services/clock/samg/sysclk.o
                0x00400e00                sysclk_init
 .text.cpu_irq_enter_critical
                0x00400ec8       0x58 source/board/common/utils/interrupt/interrupt_sam_nvic.o
                0x00400ec8                cpu_irq_enter_critical
 .text.cpu_irq_leave_critical
                0x00400f20       0x44 source/board/common/utils/interrupt/interrupt_sam_nvic.o
                0x00400f20                cpu_irq_leave_critical
 .text._read    0x00400f64       0x54 source/board/common/utils/stdio/read.o
                0x00400f64                _read
 .text._write   0x00400fb8       0x6c source/board/common/utils/stdio/write.o
                0x00400fb8                _write
 .text.osc_get_rate
                0x00401024       0x74 source/board/HAL/src/bsp_misc_samg55.o
 .text.sysclk_get_main_hz
                0x00401098       0x1c source/board/HAL/src/bsp_misc_samg55.o
 .text.sysclk_get_cpu_hz
                0x004010b4       0x14 source/board/HAL/src/bsp_misc_samg55.o
 .text.ioport_set_pin_dir
                0x004010c8       0x88 source/board/HAL/src/bsp_misc_samg55.o
 .text.ioport_set_pin_level
                0x00401150       0x6c source/board/HAL/src/bsp_misc_samg55.o
 .text.PIOA_Handler
                0x004011bc       0x88 source/board/HAL/src/bsp_misc_samg55.o
                0x004011bc                PIOA_Handler
 .text.ext_MotionINT_handler
                0x00401244        0xe source/board/HAL/src/bsp_misc_samg55.o
                0x00401244                ext_MotionINT_handler
 *fill*         0x00401252        0x2 
 .text.ext_int_handler
                0x00401254       0x74 source/board/HAL/src/bsp_misc_samg55.o
 .text.FLEXCOM1_Handler
                0x004012c8       0x14 source/board/HAL/src/bsp_misc_samg55.o
                0x004012c8                FLEXCOM1_Handler
 .text.FLEXCOM3_Handler
                0x004012dc       0x14 source/board/HAL/src/bsp_misc_samg55.o
                0x004012dc                FLEXCOM3_Handler
 .text.flexcom_handler
                0x004012f0      0x174 source/board/HAL/src/bsp_misc_samg55.o
 .text.RTT_Handler
                0x00401464       0x18 source/board/HAL/src/bsp_misc_samg55.o
                0x00401464                RTT_Handler
 .text.TC0_Handler
                0x0040147c       0x10 source/board/HAL/src/bsp_misc_samg55.o
                0x0040147c                TC0_Handler
 .text.TC1_Handler
                0x0040148c       0x44 source/board/HAL/src/bsp_misc_samg55.o
                0x0040148c                TC1_Handler
 .text.sensor_led_on
                0x004014d0       0x28 source/board/HAL/src/bsp_misc_samg55.o
                0x004014d0                sensor_led_on
 .text.indicate_alive
                0x004014f8       0xf4 source/board/HAL/src/bsp_misc_samg55.o
                0x004014f8                indicate_alive
 .text.NVIC_EnableIRQ
                0x004015ec       0x34 source/board/HAL/src/chbsp_chirp_samg55.o
 .text.NVIC_DisableIRQ
                0x00401620       0x34 source/board/HAL/src/chbsp_chirp_samg55.o
 .text.NVIC_ClearPendingIRQ
                0x00401654       0x34 source/board/HAL/src/chbsp_chirp_samg55.o
 .text.NVIC_SetPriority
                0x00401688       0x54 source/board/HAL/src/chbsp_chirp_samg55.o
 .text.osc_get_rate
                0x004016dc       0x74 source/board/HAL/src/chbsp_chirp_samg55.o
 .text.sysclk_get_main_hz
                0x00401750       0x1c source/board/HAL/src/chbsp_chirp_samg55.o
 .text.sysclk_get_cpu_hz
                0x0040176c       0x14 source/board/HAL/src/chbsp_chirp_samg55.o
 .text.sysclk_enable_peripheral_clock
                0x00401780       0x1c source/board/HAL/src/chbsp_chirp_samg55.o
 .text.ioport_set_port_dir
                0x0040179c       0x5a source/board/HAL/src/chbsp_chirp_samg55.o
 .text.ioport_set_pin_dir
                0x004017f6       0x88 source/board/HAL/src/chbsp_chirp_samg55.o
 .text.ioport_set_pin_level
                0x0040187e       0x6c source/board/HAL/src/chbsp_chirp_samg55.o
 .text.ioport_set_port_level
                0x004018ea       0x4c source/board/HAL/src/chbsp_chirp_samg55.o
 .text.ioport_pin_to_mask
                0x00401936       0x26 source/board/HAL/src/chbsp_chirp_samg55.o
 .text.adc_ch_sanity_check
                0x0040195c       0x18 source/board/HAL/src/chbsp_chirp_samg55.o
 .text.adc_select_clock_source_mck
                0x00401974       0x28 source/board/HAL/src/chbsp_chirp_samg55.o
 .text.adc_set_trigger
                0x0040199c       0x44 source/board/HAL/src/chbsp_chirp_samg55.o
 .text.adc_set_writeprotect
                0x004019e0       0x38 source/board/HAL/src/chbsp_chirp_samg55.o
 .text.adc_channel_enable
                0x00401a18       0x4c source/board/HAL/src/chbsp_chirp_samg55.o
 .text.adc_channel_get_value
                0x00401a64       0x2c source/board/HAL/src/chbsp_chirp_samg55.o
 .text.measure_idd
                0x00401a90      0x220 source/board/HAL/src/chbsp_chirp_samg55.o
 .text.measure_power
                0x00401cb0       0x2c source/board/HAL/src/chbsp_chirp_samg55.o
 .text.find_sensors
                0x00401cdc      0x1b4 source/board/HAL/src/chbsp_chirp_samg55.o
 .text.ADC0_init
                0x00401e90       0x7c source/board/HAL/src/chbsp_chirp_samg55.o
 .text.ext_int_init
                0x00401f0c      0x134 source/board/HAL/src/chbsp_chirp_samg55.o
 .text.chbsp_board_init
                0x00402040       0x6c source/board/HAL/src/chbsp_chirp_samg55.o
                0x00402040                chbsp_board_init
 .text.chbsp_reset_assert
                0x004020ac       0x14 source/board/HAL/src/chbsp_chirp_samg55.o
                0x004020ac                chbsp_reset_assert
 .text.chbsp_reset_release
                0x004020c0       0x14 source/board/HAL/src/chbsp_chirp_samg55.o
                0x004020c0                chbsp_reset_release
 .text.chbsp_program_enable
                0x004020d4       0x38 source/board/HAL/src/chbsp_chirp_samg55.o
                0x004020d4                chbsp_program_enable
 .text.chbsp_program_disable
                0x0040210c       0x38 source/board/HAL/src/chbsp_chirp_samg55.o
                0x0040210c                chbsp_program_disable
 .text.chbsp_set_io_dir_in
                0x00402144       0x38 source/board/HAL/src/chbsp_chirp_samg55.o
                0x00402144                chbsp_set_io_dir_in
 .text.chbsp_group_set_io_dir_out
                0x0040217c       0x80 source/board/HAL/src/chbsp_chirp_samg55.o
                0x0040217c                chbsp_group_set_io_dir_out
 .text.chbsp_group_set_io_dir_in
                0x004021fc       0x80 source/board/HAL/src/chbsp_chirp_samg55.o
                0x004021fc                chbsp_group_set_io_dir_in
 .text.chbsp_group_pin_init
                0x0040227c      0x12c source/board/HAL/src/chbsp_chirp_samg55.o
                0x0040227c                chbsp_group_pin_init
 .text.chbsp_group_io_clear
                0x004023a8       0x80 source/board/HAL/src/chbsp_chirp_samg55.o
                0x004023a8                chbsp_group_io_clear
 .text.chbsp_group_io_set
                0x00402428       0x80 source/board/HAL/src/chbsp_chirp_samg55.o
                0x00402428                chbsp_group_io_set
 .text.chbsp_group_io_interrupt_enable
                0x004024a8       0x4c source/board/HAL/src/chbsp_chirp_samg55.o
                0x004024a8                chbsp_group_io_interrupt_enable
 .text.chbsp_io_interrupt_enable
                0x004024f4       0x60 source/board/HAL/src/chbsp_chirp_samg55.o
                0x004024f4                chbsp_io_interrupt_enable
 .text.chbsp_group_io_interrupt_disable
                0x00402554       0x4c source/board/HAL/src/chbsp_chirp_samg55.o
                0x00402554                chbsp_group_io_interrupt_disable
 .text.chbsp_io_interrupt_disable
                0x004025a0       0x3c source/board/HAL/src/chbsp_chirp_samg55.o
                0x004025a0                chbsp_io_interrupt_disable
 .text.chbsp_io_set
                0x004025dc       0x30 source/board/HAL/src/chbsp_chirp_samg55.o
                0x004025dc                chbsp_io_set
 *fill*         0x0040260c        0x4 
 .text.chbsp_delay_us
                0x00402610       0xa8 source/board/HAL/src/chbsp_chirp_samg55.o
                0x00402610                chbsp_delay_us
 .text.chbsp_delay_ms
                0x004026b8       0xb8 source/board/HAL/src/chbsp_chirp_samg55.o
                0x004026b8                chbsp_delay_ms
 .text.chbsp_i2c_init
                0x00402770       0x14 source/board/HAL/src/chbsp_chirp_samg55.o
                0x00402770                chbsp_i2c_init
 .text.chbsp_i2c_get_info
                0x00402784       0x4c source/board/HAL/src/chbsp_chirp_samg55.o
                0x00402784                chbsp_i2c_get_info
 .text.chbsp_i2c_write
                0x004027d0       0x60 source/board/HAL/src/chbsp_chirp_samg55.o
                0x004027d0                chbsp_i2c_write
 .text.chbsp_i2c_mem_write
                0x00402830       0x68 source/board/HAL/src/chbsp_chirp_samg55.o
                0x00402830                chbsp_i2c_mem_write
 .text.chbsp_i2c_mem_write_nb
                0x00402898       0x22 source/board/HAL/src/chbsp_chirp_samg55.o
                0x00402898                chbsp_i2c_mem_write_nb
 *fill*         0x004028ba        0x2 
 .text.chbsp_i2c_read
                0x004028bc       0x70 source/board/HAL/src/chbsp_chirp_samg55.o
                0x004028bc                chbsp_i2c_read
 .text.chbsp_i2c_mem_read
                0x0040292c       0x78 source/board/HAL/src/chbsp_chirp_samg55.o
                0x0040292c                chbsp_i2c_mem_read
 .text.chbsp_i2c_read_nb
                0x004029a4      0x138 source/board/HAL/src/chbsp_chirp_samg55.o
                0x004029a4                chbsp_i2c_read_nb
 .text.chbsp_i2c_mem_read_nb
                0x00402adc      0x15c source/board/HAL/src/chbsp_chirp_samg55.o
                0x00402adc                chbsp_i2c_mem_read_nb
 .text.chbsp_i2c_reset
                0x00402c38       0x3c source/board/HAL/src/chbsp_chirp_samg55.o
                0x00402c38                chbsp_i2c_reset
 .text.chbsp_periodic_timer_init
                0x00402c74      0x11c source/board/HAL/src/chbsp_chirp_samg55.o
                0x00402c74                chbsp_periodic_timer_init
 .text.get_period_in_tick
                0x00402d90       0xe8 source/board/HAL/src/chbsp_chirp_samg55.o
 .text.program_next_period
                0x00402e78       0x44 source/board/HAL/src/chbsp_chirp_samg55.o
 .text.chbsp_periodic_timer_irq_enable
                0x00402ebc       0x28 source/board/HAL/src/chbsp_chirp_samg55.o
                0x00402ebc                chbsp_periodic_timer_irq_enable
 .text.chbsp_periodic_timer_start
                0x00402ee4       0x38 source/board/HAL/src/chbsp_chirp_samg55.o
                0x00402ee4                chbsp_periodic_timer_start
 .text.chbsp_periodic_timer_handler
                0x00402f1c       0x50 source/board/HAL/src/chbsp_chirp_samg55.o
                0x00402f1c                chbsp_periodic_timer_handler
 .text.chbsp_proc_sleep
                0x00402f6c       0x14 source/board/HAL/src/chbsp_chirp_samg55.o
                0x00402f6c                chbsp_proc_sleep
 .text.chbsp_led_on
                0x00402f80       0x28 source/board/HAL/src/chbsp_chirp_samg55.o
                0x00402f80                chbsp_led_on
 .text.chbsp_print_str
                0x00402fa8       0x1c source/board/HAL/src/chbsp_chirp_samg55.o
                0x00402fa8                chbsp_print_str
 .text.chbsp_timestamp_ms
                0x00402fc4       0x2c source/board/HAL/src/chbsp_chirp_samg55.o
                0x00402fc4                chbsp_timestamp_ms
 .text.time_hal_get_in_us
                0x00402ff0       0xf0 source/board/HAL/src/time_hal.o
                0x00402ff0                time_hal_get_in_us
 .text.sysclk_enable_peripheral_clock
                0x004030e0       0x1c source/board/sam/boards/samg55_xplained_pro/board_init.o
 .text.ioport_init
                0x004030fc       0x18 source/board/sam/boards/samg55_xplained_pro/board_init.o
 .text.ioport_disable_pin
                0x00403114       0x4a source/board/sam/boards/samg55_xplained_pro/board_init.o
 .text.ioport_set_pin_mode
                0x0040315e      0x11c source/board/sam/boards/samg55_xplained_pro/board_init.o
 .text.ioport_set_pin_dir
                0x0040327a       0x88 source/board/sam/boards/samg55_xplained_pro/board_init.o
 .text.ioport_set_pin_level
                0x00403302       0x6c source/board/sam/boards/samg55_xplained_pro/board_init.o
 *fill*         0x0040336e        0x2 
 .text.system_board_init_I2C
                0x00403370      0x124 source/board/sam/boards/samg55_xplained_pro/board_init.o
                0x00403370                system_board_init_I2C
                0x00403370                board_init_I2C
 .text.cpu_irq_save
                0x00403494       0x38 source/board/sam/drivers/adc/adc2.o
 .text.cpu_irq_is_enabled_flags
                0x004034cc       0x20 source/board/sam/drivers/adc/adc2.o
 .text.cpu_irq_restore
                0x004034ec       0x30 source/board/sam/drivers/adc/adc2.o
 .text.adc_get_interrupt_status
                0x0040351c       0x18 source/board/sam/drivers/adc/adc2.o
 .text.sleepmgr_lock_mode
                0x00403534       0x44 source/board/sam/drivers/adc/adc2.o
 .text.osc_get_rate
                0x00403578       0x74 source/board/sam/drivers/adc/adc2.o
 .text.sysclk_get_main_hz
                0x004035ec       0x1c source/board/sam/drivers/adc/adc2.o
 .text.sysclk_get_cpu_hz
                0x00403608       0x14 source/board/sam/drivers/adc/adc2.o
 .text.adc_get_config_defaults
                0x0040361c       0x54 source/board/sam/drivers/adc/adc2.o
                0x0040361c                adc_get_config_defaults
 .text.adc_set_config
                0x00403670       0x98 source/board/sam/drivers/adc/adc2.o
 .text.adc_init
                0x00403708       0x60 source/board/sam/drivers/adc/adc2.o
                0x00403708                adc_init
 .text.adc_set_resolution
                0x00403768       0x22 source/board/sam/drivers/adc/adc2.o
                0x00403768                adc_set_resolution
 *fill*         0x0040378a        0x2 
 .text.adc_interrupt
                0x0040378c       0x2c source/board/sam/drivers/adc/adc2.o
 .text.adc_process_callback
                0x004037b8       0x50 source/board/sam/drivers/adc/adc2.o
 .text.ADC_Handler
                0x00403808       0x18 source/board/sam/drivers/adc/adc2.o
                0x00403808                ADC_Handler
 .text.adc_enable
                0x00403820       0x1c source/board/sam/drivers/adc/adc2.o
                0x00403820                adc_enable
 .text.cpu_irq_save
                0x0040383c       0x38 source/board/sam/drivers/flexcom/flexcom.o
 .text.cpu_irq_is_enabled_flags
                0x00403874       0x20 source/board/sam/drivers/flexcom/flexcom.o
 .text.cpu_irq_restore
                0x00403894       0x30 source/board/sam/drivers/flexcom/flexcom.o
 .text.sysclk_enable_peripheral_clock
                0x004038c4       0x1c source/board/sam/drivers/flexcom/flexcom.o
 .text.sleepmgr_lock_mode
                0x004038e0       0x44 source/board/sam/drivers/flexcom/flexcom.o
 .text.flexcom_enable
                0x00403924      0x168 source/board/sam/drivers/flexcom/flexcom.o
                0x00403924                flexcom_enable
 .text.flexcom_set_opmode
                0x00403a8c       0x1e source/board/sam/drivers/flexcom/flexcom.o
                0x00403a8c                flexcom_set_opmode
 .text.pdc_rx_init
                0x00403aaa       0x44 source/board/sam/drivers/pdc/pdc.o
                0x00403aaa                pdc_rx_init
 .text.pdc_enable_transfer
                0x00403aee       0x22 source/board/sam/drivers/pdc/pdc.o
                0x00403aee                pdc_enable_transfer
 .text.pdc_disable_transfer
                0x00403b10       0x22 source/board/sam/drivers/pdc/pdc.o
                0x00403b10                pdc_disable_transfer
 .text.pio_pull_up
                0x00403b32       0x2c source/board/sam/drivers/pio/pio.o
                0x00403b32                pio_pull_up
 .text.pio_set_peripheral
                0x00403b5e       0xb0 source/board/sam/drivers/pio/pio.o
                0x00403b5e                pio_set_peripheral
 *fill*         0x00403c0e        0x2 
 .text.pio_set_input
                0x00403c10       0x6c source/board/sam/drivers/pio/pio.o
                0x00403c10                pio_set_input
 .text.pio_set_output
                0x00403c7c       0x64 source/board/sam/drivers/pio/pio.o
                0x00403c7c                pio_set_output
 .text.pio_configure
                0x00403ce0       0xc0 source/board/sam/drivers/pio/pio.o
                0x00403ce0                pio_configure
 .text.pio_pull_down
                0x00403da0       0x30 source/board/sam/drivers/pio/pio.o
                0x00403da0                pio_pull_down
 .text.pio_configure_interrupt
                0x00403dd0       0x6c source/board/sam/drivers/pio/pio.o
                0x00403dd0                pio_configure_interrupt
 .text.pio_enable_interrupt
                0x00403e3c       0x1c source/board/sam/drivers/pio/pio.o
                0x00403e3c                pio_enable_interrupt
 .text.pio_disable_interrupt
                0x00403e58       0x1c source/board/sam/drivers/pio/pio.o
                0x00403e58                pio_disable_interrupt
 .text.pio_get_interrupt_status
                0x00403e74       0x18 source/board/sam/drivers/pio/pio.o
                0x00403e74                pio_get_interrupt_status
 .text.pio_get_interrupt_mask
                0x00403e8c       0x18 source/board/sam/drivers/pio/pio.o
                0x00403e8c                pio_get_interrupt_mask
 .text.NVIC_EnableIRQ
                0x00403ea4       0x34 source/board/sam/drivers/pio/pio_handler.o
 .text.NVIC_DisableIRQ
                0x00403ed8       0x34 source/board/sam/drivers/pio/pio_handler.o
 .text.NVIC_ClearPendingIRQ
                0x00403f0c       0x34 source/board/sam/drivers/pio/pio_handler.o
 .text.NVIC_SetPriority
                0x00403f40       0x54 source/board/sam/drivers/pio/pio_handler.o
 .text.pio_handler_process
                0x00403f94       0xb4 source/board/sam/drivers/pio/pio_handler.o
                0x00403f94                pio_handler_process
 .text.pio_handler_set
                0x00404048       0xa4 source/board/sam/drivers/pio/pio_handler.o
                0x00404048                pio_handler_set
 .text.PIOB_Handler
                0x004040ec       0x18 source/board/sam/drivers/pio/pio_handler.o
                0x004040ec                PIOB_Handler
 .text.pio_handler_set_priority
                0x00404104       0x84 source/board/sam/drivers/pio/pio_handler.o
                0x00404104                pio_handler_set_priority
 .text.pio_handler_clear_pending_IRQ
                0x00404188       0x74 source/board/sam/drivers/pio/pio_handler.o
                0x00404188                pio_handler_clear_pending_IRQ
 .text.pmc_switch_mck_to_pllack
                0x004041fc       0x84 source/board/sam/drivers/pmc/pmc.o
                0x004041fc                pmc_switch_mck_to_pllack
 .text.pmc_switch_sclk_to_32kxtal
                0x00404280       0x38 source/board/sam/drivers/pmc/pmc.o
                0x00404280                pmc_switch_sclk_to_32kxtal
 .text.pmc_osc_is_ready_32kxtal
                0x004042b8       0x34 source/board/sam/drivers/pmc/pmc.o
                0x004042b8                pmc_osc_is_ready_32kxtal
 .text.pmc_switch_mainck_to_fastrc
                0x004042ec       0x70 source/board/sam/drivers/pmc/pmc.o
                0x004042ec                pmc_switch_mainck_to_fastrc
 .text.pmc_switch_mainck_to_xtal
                0x0040435c       0x78 source/board/sam/drivers/pmc/pmc.o
                0x0040435c                pmc_switch_mainck_to_xtal
 .text.pmc_osc_is_ready_mainck
                0x004043d4       0x1c source/board/sam/drivers/pmc/pmc.o
                0x004043d4                pmc_osc_is_ready_mainck
 .text.pmc_disable_pllack
                0x004043f0       0x18 source/board/sam/drivers/pmc/pmc.o
                0x004043f0                pmc_disable_pllack
 .text.pmc_is_locked_pllack
                0x00404408       0x1c source/board/sam/drivers/pmc/pmc.o
                0x00404408                pmc_is_locked_pllack
 .text.pmc_disable_pllbck
                0x00404424       0x18 source/board/sam/drivers/pmc/pmc.o
                0x00404424                pmc_disable_pllbck
 .text.pmc_is_locked_pllbck
                0x0040443c       0x1c source/board/sam/drivers/pmc/pmc.o
                0x0040443c                pmc_is_locked_pllbck
 .text.pmc_enable_periph_clk
                0x00404458       0x84 source/board/sam/drivers/pmc/pmc.o
                0x00404458                pmc_enable_periph_clk
 .text.pmc_switch_pck_to_pllack
                0x004044dc       0x58 source/board/sam/drivers/pmc/pmc.o
                0x004044dc                pmc_switch_pck_to_pllack
 .text.pmc_switch_pck_to_mck
                0x00404534       0x58 source/board/sam/drivers/pmc/pmc.o
                0x00404534                pmc_switch_pck_to_mck
 .text.pmc_enable_pck
                0x0040458c       0x28 source/board/sam/drivers/pmc/pmc.o
                0x0040458c                pmc_enable_pck
 .text.pmc_disable_pck
                0x004045b4       0x28 source/board/sam/drivers/pmc/pmc.o
                0x004045b4                pmc_disable_pck
 .text.pmc_set_flash_in_wait_mode
                0x004045dc       0x20 source/board/sam/drivers/pmc/pmc.o
                0x004045dc                pmc_set_flash_in_wait_mode
 .text.pmc_enable_waitmode
                0x004045fc       0x7c source/board/sam/drivers/pmc/pmc.o
                0x004045fc                pmc_enable_waitmode
 .text.pmc_sleep
                0x00404678      0x39c source/board/sam/drivers/pmc/sleep.o
                0x00404678                pmc_sleep
 .text.rtt_get_status
                0x00404a14       0x18 source/board/sam/drivers/rtt/rtt.o
                0x00404a14                rtt_get_status
 .text.supc_set_regulator_trim_user
                0x00404a2c       0x38 source/board/sam/drivers/supc/supc.o
                0x00404a2c                supc_set_regulator_trim_user
 .text.tc_init  0x00404a64       0x3a source/board/sam/drivers/tc/tc.o
                0x00404a64                tc_init
 .text.tc_start
                0x00404a9e       0x22 source/board/sam/drivers/tc/tc.o
                0x00404a9e                tc_start
 .text.tc_write_rc
                0x00404ac0       0x26 source/board/sam/drivers/tc/tc.o
                0x00404ac0                tc_write_rc
 .text.tc_enable_interrupt
                0x00404ae6       0x28 source/board/sam/drivers/tc/tc.o
                0x00404ae6                tc_enable_interrupt
 .text.tc_get_interrupt_mask
                0x00404b0e       0x24 source/board/sam/drivers/tc/tc.o
                0x00404b0e                tc_get_interrupt_mask
 .text.tc_get_status
                0x00404b32       0x24 source/board/sam/drivers/tc/tc.o
                0x00404b32                tc_get_status
 .text.twi_enable_master_mode
                0x00404b56       0x26 source/board/sam/drivers/twi/twi.o
                0x00404b56                twi_enable_master_mode
 .text.twi_master_init
                0x00404b7c       0x64 source/board/sam/drivers/twi/twi.o
                0x00404b7c                twi_master_init
 .text.twi_set_speed
                0x00404be0       0xf4 source/board/sam/drivers/twi/twi.o
                0x00404be0                twi_set_speed
 .text.twi_mk_addr
                0x00404cd4       0x5c source/board/sam/drivers/twi/twi.o
                0x00404cd4                twi_mk_addr
 .text.twi_master_read
                0x00404d30      0x10c source/board/sam/drivers/twi/twi.o
                0x00404d30                twi_master_read
 .text.twi_master_write
                0x00404e3c       0xdc source/board/sam/drivers/twi/twi.o
                0x00404e3c                twi_master_write
 .text.twi_enable_interrupt
                0x00404f18       0x1c source/board/sam/drivers/twi/twi.o
                0x00404f18                twi_enable_interrupt
 .text.twi_disable_interrupt
                0x00404f34       0x20 source/board/sam/drivers/twi/twi.o
                0x00404f34                twi_disable_interrupt
 .text.twi_get_interrupt_status
                0x00404f54       0x18 source/board/sam/drivers/twi/twi.o
                0x00404f54                twi_get_interrupt_status
 .text.twi_get_interrupt_mask
                0x00404f6c       0x18 source/board/sam/drivers/twi/twi.o
                0x00404f6c                twi_get_interrupt_mask
 .text.twi_reset
                0x00404f84       0x1e source/board/sam/drivers/twi/twi.o
                0x00404f84                twi_reset
 *fill*         0x00404fa2        0x2 
 .text.twi_get_pdc_base
                0x00404fa4       0x5c source/board/sam/drivers/twi/twi.o
                0x00404fa4                twi_get_pdc_base
 .text.usart_set_async_baudrate
                0x00405000       0x8a source/board/sam/drivers/usart/usart.o
                0x00405000                usart_set_async_baudrate
 *fill*         0x0040508a        0x2 
 .text.usart_reset
                0x0040508c       0x54 source/board/sam/drivers/usart/usart.o
                0x0040508c                usart_reset
 .text.usart_init_rs232
                0x004050e0       0x84 source/board/sam/drivers/usart/usart.o
                0x004050e0                usart_init_rs232
 .text.usart_enable_tx
                0x00405164       0x1a source/board/sam/drivers/usart/usart.o
                0x00405164                usart_enable_tx
 .text.usart_reset_tx
                0x0040517e       0x1a source/board/sam/drivers/usart/usart.o
                0x0040517e                usart_reset_tx
 .text.usart_enable_rx
                0x00405198       0x1a source/board/sam/drivers/usart/usart.o
                0x00405198                usart_enable_rx
 .text.usart_reset_rx
                0x004051b2       0x1a source/board/sam/drivers/usart/usart.o
                0x004051b2                usart_reset_rx
 .text.usart_disable_interrupt
                0x004051cc       0x1c source/board/sam/drivers/usart/usart.o
                0x004051cc                usart_disable_interrupt
 .text.usart_get_status
                0x004051e8       0x18 source/board/sam/drivers/usart/usart.o
                0x004051e8                usart_get_status
 .text.usart_reset_status
                0x00405200       0x1c source/board/sam/drivers/usart/usart.o
                0x00405200                usart_reset_status
 .text.usart_drive_RTS_pin_high
                0x0040521c       0x1c source/board/sam/drivers/usart/usart.o
                0x0040521c                usart_drive_RTS_pin_high
 .text.usart_write
                0x00405238       0x32 source/board/sam/drivers/usart/usart.o
                0x00405238                usart_write
 .text.usart_read
                0x0040526a       0x34 source/board/sam/drivers/usart/usart.o
                0x0040526a                usart_read
 *fill*         0x0040529e        0x2 
 .text.usart_disable_writeprotect
                0x004052a0       0x20 source/board/sam/drivers/usart/usart.o
                0x004052a0                usart_disable_writeprotect
 .text.cpu_irq_save
                0x004052c0       0x38 source/board/sam/utils/cmsis/samg/samg55/source/templates/gcc/startup_samg55.o
 .text.cpu_irq_is_enabled_flags
                0x004052f8       0x20 source/board/sam/utils/cmsis/samg/samg55/source/templates/gcc/startup_samg55.o
 .text.cpu_irq_restore
                0x00405318       0x30 source/board/sam/utils/cmsis/samg/samg55/source/templates/gcc/startup_samg55.o
 .text.Reset_Handler
                0x00405348       0xd0 source/board/sam/utils/cmsis/samg/samg55/source/templates/gcc/startup_samg55.o
                0x00405348                Reset_Handler
 .text.Dummy_Handler
                0x00405418        0x6 source/board/sam/utils/cmsis/samg/samg55/source/templates/gcc/startup_samg55.o
                0x00405418                DebugMon_Handler
                0x00405418                HardFault_Handler
                0x00405418                TC2_Handler
                0x00405418                FLEXCOM4_Handler
                0x00405418                SysTick_Handler
                0x00405418                PendSV_Handler
                0x00405418                NMI_Handler
                0x00405418                CRCCU_Handler
                0x00405418                FLEXCOM6_Handler
                0x00405418                RTC_Handler
                0x00405418                UsageFault_Handler
                0x00405418                PDMIC1_Handler
                0x00405418                WDT_Handler
                0x00405418                TC4_Handler
                0x00405418                TC3_Handler
                0x00405418                ARM_Handler
                0x00405418                Dummy_Handler
                0x00405418                MEM2MEM_Handler
                0x00405418                PMC_Handler
                0x00405418                PDMIC0_Handler
                0x00405418                MemManage_Handler
                0x00405418                SUPC_Handler
                0x00405418                SVC_Handler
                0x00405418                UHP_Handler
                0x00405418                EFC_Handler
                0x00405418                FLEXCOM7_Handler
                0x00405418                I2SC0_Handler
                0x00405418                I2SC1_Handler
                0x00405418                FLEXCOM2_Handler
                0x00405418                UDP_Handler
                0x00405418                BusFault_Handler
                0x00405418                RSTC_Handler
                0x00405418                FLEXCOM5_Handler
                0x00405418                TC5_Handler
 *fill*         0x0040541e        0x2 
 .text.SystemCoreClockUpdate
                0x00405420      0x124 source/board/sam/utils/cmsis/samg/samg55/source/templates/system_samg55.o
                0x00405420                SystemCoreClockUpdate
 .text.system_init_flash
                0x00405544       0x98 source/board/sam/utils/cmsis/samg/samg55/source/templates/system_samg55.o
                0x00405544                system_init_flash
 .text._sbrk    0x004055dc       0x58 source/board/sam/utils/syscalls/gcc/syscalls.o
                0x004055dc                _sbrk
 .text._close   0x00405634       0x18 source/board/sam/utils/syscalls/gcc/syscalls.o
                0x00405634                _close
 .text._fstat   0x0040564c       0x20 source/board/sam/utils/syscalls/gcc/syscalls.o
                0x0040564c                _fstat
 .text._isatty  0x0040566c       0x16 source/board/sam/utils/syscalls/gcc/syscalls.o
                0x0040566c                _isatty
 .text._lseek   0x00405682       0x1a source/board/sam/utils/syscalls/gcc/syscalls.o
                0x00405682                _lseek
 .text.ch201_gprmt_init
                0x0040569c      0x1d8 source/drivers/chirpmicro/src/ch201_gprmt.o
                0x0040569c                ch201_gprmt_init
 .text.get_ch201_gprmt_fw_ram_init_addr
                0x00405874       0x12 source/drivers/chirpmicro/src/ch201_gprmt_fw.o
                0x00405874                get_ch201_gprmt_fw_ram_init_addr
 .text.get_ch201_gprmt_fw_ram_init_size
                0x00405886       0x10 source/drivers/chirpmicro/src/ch201_gprmt_fw.o
                0x00405886                get_ch201_gprmt_fw_ram_init_size
 *fill*         0x00405896        0x2 
 .text.get_ram_ch201_gprmt_init_ptr
                0x00405898       0x14 source/drivers/chirpmicro/src/ch201_gprmt_fw.o
                0x00405898                get_ram_ch201_gprmt_init_ptr
 .text.chbsp_debug_toggle
                0x004058ac       0x16 source/drivers/chirpmicro/src/chbsp_dummy.o
                0x004058ac                chbsp_debug_toggle
 .text.chbsp_external_i2c_irq_handler
                0x004058c2       0x14 source/drivers/chirpmicro/src/chbsp_dummy.o
                0x004058c2                chbsp_external_i2c_irq_handler
 *fill*         0x004058d6        0x2 
 .text.ch_init  0x004058d8       0x5c source/drivers/chirpmicro/src/ch_api.o
                0x004058d8                ch_init
 .text.ch_get_config
                0x00405934       0x42 source/drivers/chirpmicro/src/ch_api.o
                0x00405934                ch_get_config
 *fill*         0x00405976        0x2 
 .text.ch_set_config
                0x00405978      0x11c source/drivers/chirpmicro/src/ch_api.o
                0x00405978                ch_set_config
 .text.ch_group_start
                0x00405a94       0x20 source/drivers/chirpmicro/src/ch_api.o
                0x00405a94                ch_group_start
 .text.ch_group_trigger
                0x00405ab4       0x1c source/drivers/chirpmicro/src/ch_api.o
                0x00405ab4                ch_group_trigger
 .text.ch_sensor_is_connected
                0x00405ad0       0x18 source/drivers/chirpmicro/src/ch_api.o
                0x00405ad0                ch_sensor_is_connected
 .text.ch_get_part_number
                0x00405ae8       0x18 source/drivers/chirpmicro/src/ch_api.o
                0x00405ae8                ch_get_part_number
 .text.ch_get_dev_num
                0x00405b00       0x1a source/drivers/chirpmicro/src/ch_api.o
                0x00405b00                ch_get_dev_num
 .text.ch_get_dev_ptr
                0x00405b1a       0x22 source/drivers/chirpmicro/src/ch_api.o
                0x00405b1a                ch_get_dev_ptr
 .text.ch_get_i2c_address
                0x00405b3c       0x18 source/drivers/chirpmicro/src/ch_api.o
                0x00405b3c                ch_get_i2c_address
 .text.ch_get_i2c_bus
                0x00405b54       0x1a source/drivers/chirpmicro/src/ch_api.o
                0x00405b54                ch_get_i2c_bus
 .text.ch_get_num_ports
                0x00405b6e       0x18 source/drivers/chirpmicro/src/ch_api.o
                0x00405b6e                ch_get_num_ports
 .text.ch_get_fw_version_string
                0x00405b86       0x18 source/drivers/chirpmicro/src/ch_api.o
                0x00405b86                ch_get_fw_version_string
 .text.ch_get_mode
                0x00405b9e       0x18 source/drivers/chirpmicro/src/ch_api.o
                0x00405b9e                ch_get_mode
 .text.ch_set_mode
                0x00405bb6       0x42 source/drivers/chirpmicro/src/ch_api.o
                0x00405bb6                ch_set_mode
 .text.ch_set_sample_interval
                0x00405bf8       0x36 source/drivers/chirpmicro/src/ch_api.o
                0x00405bf8                ch_set_sample_interval
 .text.ch_get_num_samples
                0x00405c2e       0x18 source/drivers/chirpmicro/src/ch_api.o
                0x00405c2e                ch_get_num_samples
 *fill*         0x00405c46        0x2 
 .text.ch_set_num_samples
                0x00405c48       0x4c source/drivers/chirpmicro/src/ch_api.o
                0x00405c48                ch_set_num_samples
 .text.ch_set_max_range
                0x00405c94       0x34 source/drivers/chirpmicro/src/ch_api.o
                0x00405c94                ch_set_max_range
 .text.ch_set_static_range
                0x00405cc8       0x36 source/drivers/chirpmicro/src/ch_api.o
                0x00405cc8                ch_set_static_range
 .text.ch_get_range
                0x00405cfe       0x32 source/drivers/chirpmicro/src/ch_api.o
                0x00405cfe                ch_get_range
 .text.ch_get_amplitude
                0x00405d30       0x2e source/drivers/chirpmicro/src/ch_api.o
                0x00405d30                ch_get_amplitude
 .text.ch_get_frequency
                0x00405d5e       0x18 source/drivers/chirpmicro/src/ch_api.o
                0x00405d5e                ch_get_frequency
 .text.ch_get_rtc_cal_pulselength
                0x00405d76       0x1a source/drivers/chirpmicro/src/ch_api.o
                0x00405d76                ch_get_rtc_cal_pulselength
 .text.ch_get_rtc_cal_result
                0x00405d90       0x18 source/drivers/chirpmicro/src/ch_api.o
                0x00405d90                ch_get_rtc_cal_result
 .text.ch_get_scale_factor
                0x00405da8       0x18 source/drivers/chirpmicro/src/ch_api.o
                0x00405da8                ch_get_scale_factor
 .text.ch_get_iq_data
                0x00405dc0       0x4c source/drivers/chirpmicro/src/ch_api.o
                0x00405dc0                ch_get_iq_data
 .text.ch_samples_to_mm
                0x00405e0c       0x38 source/drivers/chirpmicro/src/ch_api.o
                0x00405e0c                ch_samples_to_mm
 .text.ch_iq_to_amplitude
                0x00405e44       0x50 source/drivers/chirpmicro/src/ch_api.o
                0x00405e44                ch_iq_to_amplitude
 .text.ch_set_thresholds
                0x00405e94       0x3a source/drivers/chirpmicro/src/ch_api.o
                0x00405e94                ch_set_thresholds
 .text.ch_get_thresholds
                0x00405ece       0x3a source/drivers/chirpmicro/src/ch_api.o
                0x00405ece                ch_get_thresholds
 .text.ch_set_time_plan
                0x00405f08       0x36 source/drivers/chirpmicro/src/ch_api.o
                0x00405f08                ch_set_time_plan
 .text.ch_io_int_callback_set
                0x00405f3e       0x1c source/drivers/chirpmicro/src/ch_api.o
                0x00405f3e                ch_io_int_callback_set
 .text.ch_io_complete_callback_set
                0x00405f5a       0x1c source/drivers/chirpmicro/src/ch_api.o
                0x00405f5a                ch_io_complete_callback_set
 *fill*         0x00405f76        0x2 
 .text.ch_io_notify
                0x00405f78       0x24 source/drivers/chirpmicro/src/ch_api.o
                0x00405f78                ch_io_notify
 .text.ch_set_target_interrupt
                0x00405f9c       0x38 source/drivers/chirpmicro/src/ch_api.o
                0x00405f9c                ch_set_target_interrupt
 .text.ch_get_rx_low_gain
                0x00405fd4       0x2e source/drivers/chirpmicro/src/ch_api.o
                0x00405fd4                ch_get_rx_low_gain
 *fill*         0x00406002        0x2 
 .text.ch_set_rx_pretrigger
                0x00406004       0x34 source/drivers/chirpmicro/src/ch_api.o
                0x00406004                ch_set_rx_pretrigger
 .text.ch_common_set_mode
                0x00406038      0x15c source/drivers/chirpmicro/src/ch_common.o
                0x00406038                ch_common_set_mode
 .text.ch_common_fw_load
                0x00406194       0xbc source/drivers/chirpmicro/src/ch_common.o
                0x00406194                ch_common_fw_load
 .text.ch_common_set_sample_interval
                0x00406250      0x12c source/drivers/chirpmicro/src/ch_common.o
                0x00406250                ch_common_set_sample_interval
 .text.ch_common_set_num_samples
                0x0040637c       0xa4 source/drivers/chirpmicro/src/ch_common.o
                0x0040637c                ch_common_set_num_samples
 .text.ch_common_set_max_range
                0x00406420       0xd0 source/drivers/chirpmicro/src/ch_common.o
                0x00406420                ch_common_set_max_range
 .text.ch_common_mm_to_samples
                0x004064f0       0xec source/drivers/chirpmicro/src/ch_common.o
                0x004064f0                ch_common_mm_to_samples
 .text.ch_common_samples_to_mm
                0x004065dc       0x50 source/drivers/chirpmicro/src/ch_common.o
                0x004065dc                ch_common_samples_to_mm
 .text.ch_common_get_range
                0x0040662c      0x118 source/drivers/chirpmicro/src/ch_common.o
                0x0040662c                ch_common_get_range
 .text.ch_common_get_amplitude
                0x00406744       0x44 source/drivers/chirpmicro/src/ch_common.o
                0x00406744                ch_common_get_amplitude
 .text.ch_common_get_locked_state
                0x00406788       0x60 source/drivers/chirpmicro/src/ch_common.o
                0x00406788                ch_common_get_locked_state
 .text.ch_common_prepare_pulse_timer
                0x004067e8       0x34 source/drivers/chirpmicro/src/ch_common.o
                0x004067e8                ch_common_prepare_pulse_timer
 .text.ch_common_store_pt_result
                0x0040681c       0x3c source/drivers/chirpmicro/src/ch_common.o
                0x0040681c                ch_common_store_pt_result
 .text.ch_common_set_frequency
                0x00406858       0x58 source/drivers/chirpmicro/src/ch_common.o
                0x00406858                ch_common_set_frequency
 .text.ch_common_store_op_freq
                0x004068b0       0x74 source/drivers/chirpmicro/src/ch_common.o
                0x004068b0                ch_common_store_op_freq
 .text.ch_common_store_bandwidth
                0x00406924       0xe0 source/drivers/chirpmicro/src/ch_common.o
                0x00406924                ch_common_store_bandwidth
 .text.ch_common_store_scale_factor
                0x00406a04       0x50 source/drivers/chirpmicro/src/ch_common.o
                0x00406a04                ch_common_store_scale_factor
 .text.ch_common_set_thresholds
                0x00406a54      0x114 source/drivers/chirpmicro/src/ch_common.o
                0x00406a54                ch_common_set_thresholds
 .text.ch_common_get_thresholds
                0x00406b68      0x108 source/drivers/chirpmicro/src/ch_common.o
                0x00406b68                ch_common_get_thresholds
 .text.get_sample_data
                0x00406c70      0x1e4 source/drivers/chirpmicro/src/ch_common.o
 .text.ch_common_set_sample_window
                0x00406e54       0x52 source/drivers/chirpmicro/src/ch_common.o
                0x00406e54                ch_common_set_sample_window
 *fill*         0x00406ea6        0x2 
 .text.ch_common_get_amplitude_avg
                0x00406ea8       0xd0 source/drivers/chirpmicro/src/ch_common.o
                0x00406ea8                ch_common_get_amplitude_avg
 .text.ch_common_get_iq_data
                0x00406f78       0x3c source/drivers/chirpmicro/src/ch_common.o
                0x00406f78                ch_common_get_iq_data
 .text.ch_common_get_amplitude_data
                0x00406fb4      0x140 source/drivers/chirpmicro/src/ch_common.o
                0x00406fb4                ch_common_get_amplitude_data
 .text.ch_common_set_rx_holdoff
                0x004070f4       0x60 source/drivers/chirpmicro/src/ch_common.o
                0x004070f4                ch_common_set_rx_holdoff
 .text.ch_common_get_rx_holdoff
                0x00407154       0x58 source/drivers/chirpmicro/src/ch_common.o
                0x00407154                ch_common_get_rx_holdoff
 .text.ch_common_set_rx_low_gain
                0x004071ac       0x64 source/drivers/chirpmicro/src/ch_common.o
                0x004071ac                ch_common_set_rx_low_gain
 .text.ch_common_get_rx_low_gain
                0x00407210       0x44 source/drivers/chirpmicro/src/ch_common.o
                0x00407210                ch_common_get_rx_low_gain
 .text.ch_common_get_tx_length
                0x00407254       0x38 source/drivers/chirpmicro/src/ch_common.o
                0x00407254                ch_common_get_tx_length
 .text.chdrv_prog_i2c_write
                0x0040728c       0x38 source/drivers/chirpmicro/src/ch_driver.o
                0x0040728c                chdrv_prog_i2c_write
 .text.chdrv_prog_i2c_read
                0x004072c4       0x38 source/drivers/chirpmicro/src/ch_driver.o
                0x004072c4                chdrv_prog_i2c_read
 .text.chdrv_prog_i2c_read_nb
                0x004072fc       0x38 source/drivers/chirpmicro/src/ch_driver.o
                0x004072fc                chdrv_prog_i2c_read_nb
 .text.chdrv_write_byte
                0x00407334       0x38 source/drivers/chirpmicro/src/ch_driver.o
                0x00407334                chdrv_write_byte
 .text.chdrv_write_word
                0x0040736c       0x44 source/drivers/chirpmicro/src/ch_driver.o
                0x0040736c                chdrv_write_word
 .text.chdrv_read_byte
                0x004073b0       0x28 source/drivers/chirpmicro/src/ch_driver.o
                0x004073b0                chdrv_read_byte
 .text.chdrv_burst_read
                0x004073d8       0x30 source/drivers/chirpmicro/src/ch_driver.o
                0x004073d8                chdrv_burst_read
 .text.chdrv_read_word
                0x00407408       0x28 source/drivers/chirpmicro/src/ch_driver.o
                0x00407408                chdrv_read_word
 .text.chdrv_group_measure_rtc
                0x00407430      0x12c source/drivers/chirpmicro/src/ch_driver.o
                0x00407430                chdrv_group_measure_rtc
 .text.chdrv_group_i2c_queue
                0x0040755c       0x98 source/drivers/chirpmicro/src/ch_driver.o
                0x0040755c                chdrv_group_i2c_queue
 .text.chdrv_group_i2c_irq_handler
                0x004075f4      0x2c8 source/drivers/chirpmicro/src/ch_driver.o
                0x004075f4                chdrv_group_i2c_irq_handler
 .text.chdrv_wait_for_lock
                0x004078bc       0x98 source/drivers/chirpmicro/src/ch_driver.o
                0x004078bc                chdrv_wait_for_lock
 .text.chdrv_group_wait_for_lock
                0x00407954       0x54 source/drivers/chirpmicro/src/ch_driver.o
                0x00407954                chdrv_group_wait_for_lock
 .text.chdrv_group_hw_trigger
                0x004079a8      0x104 source/drivers/chirpmicro/src/ch_driver.o
                0x004079a8                chdrv_group_hw_trigger
 .text.chdrv_prog_write
                0x00407aac       0x58 source/drivers/chirpmicro/src/ch_driver.o
                0x00407aac                chdrv_prog_write
 .text.chdrv_prog_mem_write
                0x00407b04      0x100 source/drivers/chirpmicro/src/ch_driver.o
                0x00407b04                chdrv_prog_mem_write
 .text.chdrv_prog_read
                0x00407c04       0x90 source/drivers/chirpmicro/src/ch_driver.o
 .text.chdrv_write_firmware
                0x00407c94       0xe0 source/drivers/chirpmicro/src/ch_driver.o
 .text.chdrv_init_ram
                0x00407d74      0x100 source/drivers/chirpmicro/src/ch_driver.o
 .text.chdrv_reset_and_halt
                0x00407e74       0x34 source/drivers/chirpmicro/src/ch_driver.o
 .text.chdrv_prog_ping
                0x00407ea8       0x70 source/drivers/chirpmicro/src/ch_driver.o
                0x00407ea8                chdrv_prog_ping
 .text.chdrv_detect_and_program
                0x00407f18      0x1e4 source/drivers/chirpmicro/src/ch_driver.o
                0x00407f18                chdrv_detect_and_program
 .text.chdrv_set_idle
                0x004080fc       0x64 source/drivers/chirpmicro/src/ch_driver.o
                0x004080fc                chdrv_set_idle
 .text.chdrv_group_detect_and_program
                0x00408160       0x68 source/drivers/chirpmicro/src/ch_driver.o
                0x00408160                chdrv_group_detect_and_program
 .text.chdrv_group_prepare
                0x004081c8       0xa8 source/drivers/chirpmicro/src/ch_driver.o
                0x004081c8                chdrv_group_prepare
 .text.chdrv_group_start
                0x00408270      0x330 source/drivers/chirpmicro/src/ch_driver.o
                0x00408270                chdrv_group_start
 .text.chdrv_pretrigger_delay_set
                0x004085a0       0x1e source/drivers/chirpmicro/src/ch_driver.o
                0x004085a0                chdrv_pretrigger_delay_set
 .text.FP_sqrt  0x004085be       0x5e source/drivers/chirpmicro/src/ch_math_utils.o
                0x004085be                FP_sqrt
 .text.FP_log2  0x0040861c       0x98 source/drivers/chirpmicro/src/ch_math_utils.o
                0x0040861c                FP_log2
 .text.FP_log   0x004086b4       0x30 source/drivers/chirpmicro/src/ch_math_utils.o
                0x004086b4                FP_log
 .text.sqrt_int32
                0x004086e4       0x58 source/drivers/chirpmicro/src/ch_math_utils.o
                0x004086e4                sqrt_int32
 .text.NVIC_EnableIRQ
                0x0040873c       0x34 source/drivers/inv/inv_i2c.o
 .text.NVIC_DisableIRQ
                0x00408770       0x34 source/drivers/inv/inv_i2c.o
 .text.NVIC_ClearPendingIRQ
                0x004087a4       0x34 source/drivers/inv/inv_i2c.o
 .text.NVIC_SetPriority
                0x004087d8       0x54 source/drivers/inv/inv_i2c.o
 .text.osc_get_rate
                0x0040882c       0x74 source/drivers/inv/inv_i2c.o
 .text.sysclk_get_main_hz
                0x004088a0       0x1c source/drivers/inv/inv_i2c.o
 .text.sysclk_get_peripheral_hz
                0x004088bc       0x14 source/drivers/inv/inv_i2c.o
 .text.i2c_master_initialize1
                0x004088d0       0x78 source/drivers/inv/inv_i2c.o
                0x004088d0                i2c_master_initialize1
 .text.i2c_master_initialize3
                0x00408948       0x78 source/drivers/inv/inv_i2c.o
                0x00408948                i2c_master_initialize3
 .text.i2c_master_init
                0x004089c0       0x50 source/drivers/inv/inv_i2c.o
                0x004089c0                i2c_master_init
 .text.i2c_master_read_register1
                0x00408a10       0x50 source/drivers/inv/inv_i2c.o
                0x00408a10                i2c_master_read_register1
 .text.i2c_master_read_register1_raw
                0x00408a60       0x48 source/drivers/inv/inv_i2c.o
                0x00408a60                i2c_master_read_register1_raw
 .text.i2c_master_read_register3
                0x00408aa8       0x50 source/drivers/inv/inv_i2c.o
                0x00408aa8                i2c_master_read_register3
 .text.i2c_master_read_register3_raw
                0x00408af8       0x48 source/drivers/inv/inv_i2c.o
                0x00408af8                i2c_master_read_register3_raw
 .text.i2c_master_write_register1
                0x00408b40       0x48 source/drivers/inv/inv_i2c.o
                0x00408b40                i2c_master_write_register1
 .text.i2c_master_write_register1_raw
                0x00408b88       0x40 source/drivers/inv/inv_i2c.o
                0x00408b88                i2c_master_write_register1_raw
 .text.i2c_master_write_register3
                0x00408bc8       0x48 source/drivers/inv/inv_i2c.o
                0x00408bc8                i2c_master_write_register3
 .text.i2c_master_write_register3_raw
                0x00408c10       0x40 source/drivers/inv/inv_i2c.o
                0x00408c10                i2c_master_write_register3_raw
 .text.osc_get_rate
                0x00408c50       0x74 source/drivers/inv/inv_uart.o
 .text.sysclk_get_main_hz
                0x00408cc4       0x1c source/drivers/inv/inv_uart.o
 .text.sysclk_get_peripheral_hz
                0x00408ce0       0x14 source/drivers/inv/inv_uart.o
 .text.sysclk_enable_peripheral_clock
                0x00408cf4       0x1c source/drivers/inv/inv_uart.o
 .text.ioport_disable_pin
                0x00408d10       0x4a source/drivers/inv/inv_uart.o
 .text.ioport_disable_port
                0x00408d5a       0x34 source/drivers/inv/inv_uart.o
 .text.ioport_set_port_mode
                0x00408d8e      0x102 source/drivers/inv/inv_uart.o
 .text.ioport_set_pin_mode
                0x00408e90      0x11c source/drivers/inv/inv_uart.o
 .text.usart_serial_init
                0x00408fac      0x228 source/drivers/inv/inv_uart.o
 .text.usart_serial_putchar
                0x004091d4      0x12c source/drivers/inv/inv_uart.o
 .text.usart_serial_getchar
                0x00409300      0x15c source/drivers/inv/inv_uart.o
 .text.stdio_serial_init
                0x0040945c       0x68 source/drivers/inv/inv_uart.o
 .text.FLEXCOM0_Handler
                0x004094c4       0x5c source/drivers/inv/inv_uart.o
                0x004094c4                FLEXCOM0_Handler
 .text.configure_console
                0x00409520       0x9c source/drivers/inv/inv_uart.o
                0x00409520                configure_console
 .text.__libc_init_array
                0x004095bc       0x48 c:/program files (x86)/atmel/studio/7.0/toolchain/arm/arm-gnu-toolchain/bin/../lib/gcc/arm-none-eabi/6.3.1/../../../../arm-none-eabi/lib/thumb/v7e-m\libc_nano.a(lib_a-init.o)
                0x004095bc                __libc_init_array
 .text.memcpy   0x00409604       0x16 c:/program files (x86)/atmel/studio/7.0/toolchain/arm/arm-gnu-toolchain/bin/../lib/gcc/arm-none-eabi/6.3.1/../../../../arm-none-eabi/lib/thumb/v7e-m\libc_nano.a(lib_a-memcpy-stub.o)
                0x00409604                memcpy
 .text.memset   0x0040961a       0x10 c:/program files (x86)/atmel/studio/7.0/toolchain/arm/arm-gnu-toolchain/bin/../lib/gcc/arm-none-eabi/6.3.1/../../../../arm-none-eabi/lib/thumb/v7e-m\libc_nano.a(lib_a-memset.o)
                0x0040961a                memset
 .text.__cvt    0x0040962a       0xb8 c:/program files (x86)/atmel/studio/7.0/toolchain/arm/arm-gnu-toolchain/bin/../lib/gcc/arm-none-eabi/6.3.1/../../../../arm-none-eabi/lib/thumb/v7e-m\libc_nano.a(lib_a-nano-vfprintf_float.o)
                0x0040962a                __cvt
 .text.__exponent
                0x004096e2       0x6a c:/program files (x86)/atmel/studio/7.0/toolchain/arm/arm-gnu-toolchain/bin/../lib/gcc/arm-none-eabi/6.3.1/../../../../arm-none-eabi/lib/thumb/v7e-m\libc_nano.a(lib_a-nano-vfprintf_float.o)
                0x004096e2                __exponent
 .text._printf_float
                0x0040974c      0x470 c:/program files (x86)/atmel/studio/7.0/toolchain/arm/arm-gnu-toolchain/bin/../lib/gcc/arm-none-eabi/6.3.1/../../../../arm-none-eabi/lib/thumb/v7e-m\libc_nano.a(lib_a-nano-vfprintf_float.o)
                0x0040974c                _printf_float
 .text._printf_common
                0x00409bbc       0xec c:/program files (x86)/atmel/studio/7.0/toolchain/arm/arm-gnu-toolchain/bin/../lib/gcc/arm-none-eabi/6.3.1/../../../../arm-none-eabi/lib/thumb/v7e-m\libc_nano.a(lib_a-nano-vfprintf_i.o)
                0x00409bbc                _printf_common
 .text._printf_i
                0x00409ca8      0x240 c:/program files (x86)/atmel/studio/7.0/toolchain/arm/arm-gnu-toolchain/bin/../lib/gcc/arm-none-eabi/6.3.1/../../../../arm-none-eabi/lib/thumb/v7e-m\libc_nano.a(lib_a-nano-vfprintf_i.o)
                0x00409ca8                _printf_i
 .text.printf   0x00409ee8       0x30 c:/program files (x86)/atmel/studio/7.0/toolchain/arm/arm-gnu-toolchain/bin/../lib/gcc/arm-none-eabi/6.3.1/../../../../arm-none-eabi/lib/thumb/v7e-m\libc_nano.a(lib_a-printf.o)
                0x00409ee8                iprintf
                0x00409ee8                printf
 .text.setbuf   0x00409f18       0x10 c:/program files (x86)/atmel/studio/7.0/toolchain/arm/arm-gnu-toolchain/bin/../lib/gcc/arm-none-eabi/6.3.1/../../../../arm-none-eabi/lib/thumb/v7e-m\libc_nano.a(lib_a-setbuf.o)
                0x00409f18                setbuf
 .text.setvbuf  0x00409f28      0x15c c:/program files (x86)/atmel/studio/7.0/toolchain/arm/arm-gnu-toolchain/bin/../lib/gcc/arm-none-eabi/6.3.1/../../../../arm-none-eabi/lib/thumb/v7e-m\libc_nano.a(lib_a-setvbuf.o)
                0x00409f28                setvbuf
 .text.snprintf
                0x0040a084       0x68 c:/program files (x86)/atmel/studio/7.0/toolchain/arm/arm-gnu-toolchain/bin/../lib/gcc/arm-none-eabi/6.3.1/../../../../arm-none-eabi/lib/thumb/v7e-m\libc_nano.a(lib_a-snprintf.o)
                0x0040a084                sniprintf
                0x0040a084                snprintf
 .text          0x0040a0ec       0x10 c:/program files (x86)/atmel/studio/7.0/toolchain/arm/arm-gnu-toolchain/bin/../lib/gcc/arm-none-eabi/6.3.1/../../../../arm-none-eabi/lib/thumb/v7e-m\libc_nano.a(lib_a-strlen.o)
                0x0040a0ec                strlen
 .text.quorem   0x0040a0fc      0x118 c:/program files (x86)/atmel/studio/7.0/toolchain/arm/arm-gnu-toolchain/bin/../lib/gcc/arm-none-eabi/6.3.1/../../../../arm-none-eabi/lib/thumb/v7e-m\libc_nano.a(lib_a-dtoa.o)
 *fill*         0x0040a214        0x4 
 .text._dtoa_r  0x0040a218      0xba4 c:/program files (x86)/atmel/studio/7.0/toolchain/arm/arm-gnu-toolchain/bin/../lib/gcc/arm-none-eabi/6.3.1/../../../../arm-none-eabi/lib/thumb/v7e-m\libc_nano.a(lib_a-dtoa.o)
                0x0040a218                _dtoa_r
 .text.__sflush_r
                0x0040adbc      0x110 c:/program files (x86)/atmel/studio/7.0/toolchain/arm/arm-gnu-toolchain/bin/../lib/gcc/arm-none-eabi/6.3.1/../../../../arm-none-eabi/lib/thumb/v7e-m\libc_nano.a(lib_a-fflush.o)
                0x0040adbc                __sflush_r
 .text._fflush_r
                0x0040aecc       0x54 c:/program files (x86)/atmel/studio/7.0/toolchain/arm/arm-gnu-toolchain/bin/../lib/gcc/arm-none-eabi/6.3.1/../../../../arm-none-eabi/lib/thumb/v7e-m\libc_nano.a(lib_a-fflush.o)
                0x0040aecc                _fflush_r
 .text._cleanup_r
                0x0040af20        0xc c:/program files (x86)/atmel/studio/7.0/toolchain/arm/arm-gnu-toolchain/bin/../lib/gcc/arm-none-eabi/6.3.1/../../../../arm-none-eabi/lib/thumb/v7e-m\libc_nano.a(lib_a-findfp.o)
                0x0040af20                _cleanup_r
 .text.std.isra.0
                0x0040af2c       0x48 c:/program files (x86)/atmel/studio/7.0/toolchain/arm/arm-gnu-toolchain/bin/../lib/gcc/arm-none-eabi/6.3.1/../../../../arm-none-eabi/lib/thumb/v7e-m\libc_nano.a(lib_a-findfp.o)
 .text.__sfmoreglue
                0x0040af74       0x2c c:/program files (x86)/atmel/studio/7.0/toolchain/arm/arm-gnu-toolchain/bin/../lib/gcc/arm-none-eabi/6.3.1/../../../../arm-none-eabi/lib/thumb/v7e-m\libc_nano.a(lib_a-findfp.o)
                0x0040af74                __sfmoreglue
 .text.__sinit  0x0040afa0       0x60 c:/program files (x86)/atmel/studio/7.0/toolchain/arm/arm-gnu-toolchain/bin/../lib/gcc/arm-none-eabi/6.3.1/../../../../arm-none-eabi/lib/thumb/v7e-m\libc_nano.a(lib_a-findfp.o)
                0x0040afa0                __sinit
 .text.__sfp    0x0040b000       0x78 c:/program files (x86)/atmel/studio/7.0/toolchain/arm/arm-gnu-toolchain/bin/../lib/gcc/arm-none-eabi/6.3.1/../../../../arm-none-eabi/lib/thumb/v7e-m\libc_nano.a(lib_a-findfp.o)
                0x0040b000                __sfp
 .text._fwalk_reent
                0x0040b078       0x3c c:/program files (x86)/atmel/studio/7.0/toolchain/arm/arm-gnu-toolchain/bin/../lib/gcc/arm-none-eabi/6.3.1/../../../../arm-none-eabi/lib/thumb/v7e-m\libc_nano.a(lib_a-fwalk.o)
                0x0040b078                _fwalk_reent
 .text._localeconv_r
                0x0040b0b4       0x1c c:/program files (x86)/atmel/studio/7.0/toolchain/arm/arm-gnu-toolchain/bin/../lib/gcc/arm-none-eabi/6.3.1/../../../../arm-none-eabi/lib/thumb/v7e-m\libc_nano.a(lib_a-localeconv.o)
                0x0040b0b4                _localeconv_r
 .text.__swhatbuf_r
                0x0040b0d0       0x48 c:/program files (x86)/atmel/studio/7.0/toolchain/arm/arm-gnu-toolchain/bin/../lib/gcc/arm-none-eabi/6.3.1/../../../../arm-none-eabi/lib/thumb/v7e-m\libc_nano.a(lib_a-makebuf.o)
                0x0040b0d0                __swhatbuf_r
 .text.__smakebuf_r
                0x0040b118       0x80 c:/program files (x86)/atmel/studio/7.0/toolchain/arm/arm-gnu-toolchain/bin/../lib/gcc/arm-none-eabi/6.3.1/../../../../arm-none-eabi/lib/thumb/v7e-m\libc_nano.a(lib_a-makebuf.o)
                0x0040b118                __smakebuf_r
 .text.malloc   0x0040b198       0x10 c:/program files (x86)/atmel/studio/7.0/toolchain/arm/arm-gnu-toolchain/bin/../lib/gcc/arm-none-eabi/6.3.1/../../../../arm-none-eabi/lib/thumb/v7e-m\libc_nano.a(lib_a-malloc.o)
                0x0040b198                malloc
 *fill*         0x0040b1a8        0x8 
 .text          0x0040b1b0       0xa0 c:/program files (x86)/atmel/studio/7.0/toolchain/arm/arm-gnu-toolchain/bin/../lib/gcc/arm-none-eabi/6.3.1/../../../../arm-none-eabi/lib/thumb/v7e-m\libc_nano.a(lib_a-memchr.o)
                0x0040b1b0                memchr
 .text._Balloc  0x0040b250       0x68 c:/program files (x86)/atmel/studio/7.0/toolchain/arm/arm-gnu-toolchain/bin/../lib/gcc/arm-none-eabi/6.3.1/../../../../arm-none-eabi/lib/thumb/v7e-m\libc_nano.a(lib_a-mprec.o)
                0x0040b250                _Balloc
 .text._Bfree   0x0040b2b8       0x2e c:/program files (x86)/atmel/studio/7.0/toolchain/arm/arm-gnu-toolchain/bin/../lib/gcc/arm-none-eabi/6.3.1/../../../../arm-none-eabi/lib/thumb/v7e-m\libc_nano.a(lib_a-mprec.o)
                0x0040b2b8                _Bfree
 .text.__multadd
                0x0040b2e6       0x76 c:/program files (x86)/atmel/studio/7.0/toolchain/arm/arm-gnu-toolchain/bin/../lib/gcc/arm-none-eabi/6.3.1/../../../../arm-none-eabi/lib/thumb/v7e-m\libc_nano.a(lib_a-mprec.o)
                0x0040b2e6                __multadd
 .text.__hi0bits
                0x0040b35c       0x3e c:/program files (x86)/atmel/studio/7.0/toolchain/arm/arm-gnu-toolchain/bin/../lib/gcc/arm-none-eabi/6.3.1/../../../../arm-none-eabi/lib/thumb/v7e-m\libc_nano.a(lib_a-mprec.o)
                0x0040b35c                __hi0bits
 .text.__lo0bits
                0x0040b39a       0x5e c:/program files (x86)/atmel/studio/7.0/toolchain/arm/arm-gnu-toolchain/bin/../lib/gcc/arm-none-eabi/6.3.1/../../../../arm-none-eabi/lib/thumb/v7e-m\libc_nano.a(lib_a-mprec.o)
                0x0040b39a                __lo0bits
 .text.__i2b    0x0040b3f8       0x12 c:/program files (x86)/atmel/studio/7.0/toolchain/arm/arm-gnu-toolchain/bin/../lib/gcc/arm-none-eabi/6.3.1/../../../../arm-none-eabi/lib/thumb/v7e-m\libc_nano.a(lib_a-mprec.o)
                0x0040b3f8                __i2b
 .text.__multiply
                0x0040b40a      0x11a c:/program files (x86)/atmel/studio/7.0/toolchain/arm/arm-gnu-toolchain/bin/../lib/gcc/arm-none-eabi/6.3.1/../../../../arm-none-eabi/lib/thumb/v7e-m\libc_nano.a(lib_a-mprec.o)
                0x0040b40a                __multiply
 .text.__pow5mult
                0x0040b524       0x9c c:/program files (x86)/atmel/studio/7.0/toolchain/arm/arm-gnu-toolchain/bin/../lib/gcc/arm-none-eabi/6.3.1/../../../../arm-none-eabi/lib/thumb/v7e-m\libc_nano.a(lib_a-mprec.o)
                0x0040b524                __pow5mult
 .text.__lshift
                0x0040b5c0       0xa2 c:/program files (x86)/atmel/studio/7.0/toolchain/arm/arm-gnu-toolchain/bin/../lib/gcc/arm-none-eabi/6.3.1/../../../../arm-none-eabi/lib/thumb/v7e-m\libc_nano.a(lib_a-mprec.o)
                0x0040b5c0                __lshift
 .text.__mcmp   0x0040b662       0x34 c:/program files (x86)/atmel/studio/7.0/toolchain/arm/arm-gnu-toolchain/bin/../lib/gcc/arm-none-eabi/6.3.1/../../../../arm-none-eabi/lib/thumb/v7e-m\libc_nano.a(lib_a-mprec.o)
                0x0040b662                __mcmp
 .text.__mdiff  0x0040b696       0xbc c:/program files (x86)/atmel/studio/7.0/toolchain/arm/arm-gnu-toolchain/bin/../lib/gcc/arm-none-eabi/6.3.1/../../../../arm-none-eabi/lib/thumb/v7e-m\libc_nano.a(lib_a-mprec.o)
                0x0040b696                __mdiff
 .text.__d2b    0x0040b752       0x9e c:/program files (x86)/atmel/studio/7.0/toolchain/arm/arm-gnu-toolchain/bin/../lib/gcc/arm-none-eabi/6.3.1/../../../../arm-none-eabi/lib/thumb/v7e-m\libc_nano.a(lib_a-mprec.o)
                0x0040b752                __d2b
 .text._calloc_r
                0x0040b7f0       0x1c c:/program files (x86)/atmel/studio/7.0/toolchain/arm/arm-gnu-toolchain/bin/../lib/gcc/arm-none-eabi/6.3.1/../../../../arm-none-eabi/lib/thumb/v7e-m\libc_nano.a(lib_a-nano-callocr.o)
                0x0040b7f0                _calloc_r
 .text._free_r  0x0040b80c       0x9c c:/program files (x86)/atmel/studio/7.0/toolchain/arm/arm-gnu-toolchain/bin/../lib/gcc/arm-none-eabi/6.3.1/../../../../arm-none-eabi/lib/thumb/v7e-m\libc_nano.a(lib_a-nano-freer.o)
                0x0040b80c                _free_r
 .text._malloc_r
                0x0040b8a8       0xbc c:/program files (x86)/atmel/studio/7.0/toolchain/arm/arm-gnu-toolchain/bin/../lib/gcc/arm-none-eabi/6.3.1/../../../../arm-none-eabi/lib/thumb/v7e-m\libc_nano.a(lib_a-nano-mallocr.o)
                0x0040b8a8                _malloc_r
 .text.__ssputs_r
                0x0040b964       0xb6 c:/program files (x86)/atmel/studio/7.0/toolchain/arm/arm-gnu-toolchain/bin/../lib/gcc/arm-none-eabi/6.3.1/../../../../arm-none-eabi/lib/thumb/v7e-m\libc_nano.a(lib_a-nano-svfprintf.o)
                0x0040b964                __ssputs_r
 *fill*         0x0040ba1a        0x2 
 .text._svfprintf_r
                0x0040ba1c      0x1e8 c:/program files (x86)/atmel/studio/7.0/toolchain/arm/arm-gnu-toolchain/bin/../lib/gcc/arm-none-eabi/6.3.1/../../../../arm-none-eabi/lib/thumb/v7e-m\libc_nano.a(lib_a-nano-svfprintf.o)
                0x0040ba1c                _svfiprintf_r
                0x0040ba1c                _svfprintf_r
 .text.__sfputc_r
                0x0040bc04       0x2c c:/program files (x86)/atmel/studio/7.0/toolchain/arm/arm-gnu-toolchain/bin/../lib/gcc/arm-none-eabi/6.3.1/../../../../arm-none-eabi/lib/thumb/v7e-m\libc_nano.a(lib_a-nano-vfprintf.o)
 .text.__sfputs_r
                0x0040bc30       0x24 c:/program files (x86)/atmel/studio/7.0/toolchain/arm/arm-gnu-toolchain/bin/../lib/gcc/arm-none-eabi/6.3.1/../../../../arm-none-eabi/lib/thumb/v7e-m\libc_nano.a(lib_a-nano-vfprintf.o)
                0x0040bc30                __sfputs_r
 .text._vfprintf_r
                0x0040bc54      0x22c c:/program files (x86)/atmel/studio/7.0/toolchain/arm/arm-gnu-toolchain/bin/../lib/gcc/arm-none-eabi/6.3.1/../../../../arm-none-eabi/lib/thumb/v7e-m\libc_nano.a(lib_a-nano-vfprintf.o)
                0x0040bc54                _vfprintf_r
                0x0040bc54                _vfiprintf_r
 .text._sbrk_r  0x0040be80       0x20 c:/program files (x86)/atmel/studio/7.0/toolchain/arm/arm-gnu-toolchain/bin/../lib/gcc/arm-none-eabi/6.3.1/../../../../arm-none-eabi/lib/thumb/v7e-m\libc_nano.a(lib_a-sbrkr.o)
                0x0040be80                _sbrk_r
 .text.__sread  0x0040bea0       0x22 c:/program files (x86)/atmel/studio/7.0/toolchain/arm/arm-gnu-toolchain/bin/../lib/gcc/arm-none-eabi/6.3.1/../../../../arm-none-eabi/lib/thumb/v7e-m\libc_nano.a(lib_a-stdio.o)
                0x0040bea0                __sread
 .text.__swrite
                0x0040bec2       0x38 c:/program files (x86)/atmel/studio/7.0/toolchain/arm/arm-gnu-toolchain/bin/../lib/gcc/arm-none-eabi/6.3.1/../../../../arm-none-eabi/lib/thumb/v7e-m\libc_nano.a(lib_a-stdio.o)
                0x0040bec2                __swrite
 .text.__sseek  0x0040befa       0x24 c:/program files (x86)/atmel/studio/7.0/toolchain/arm/arm-gnu-toolchain/bin/../lib/gcc/arm-none-eabi/6.3.1/../../../../arm-none-eabi/lib/thumb/v7e-m\libc_nano.a(lib_a-stdio.o)
                0x0040befa                __sseek
 .text.__sclose
                0x0040bf1e        0x8 c:/program files (x86)/atmel/studio/7.0/toolchain/arm/arm-gnu-toolchain/bin/../lib/gcc/arm-none-eabi/6.3.1/../../../../arm-none-eabi/lib/thumb/v7e-m\libc_nano.a(lib_a-stdio.o)
                0x0040bf1e                __sclose
 *fill*         0x0040bf26        0x2 
 .text.__swbuf_r
                0x0040bf28       0xa4 c:/program files (x86)/atmel/studio/7.0/toolchain/arm/arm-gnu-toolchain/bin/../lib/gcc/arm-none-eabi/6.3.1/../../../../arm-none-eabi/lib/thumb/v7e-m\libc_nano.a(lib_a-wbuf.o)
                0x0040bf28                __swbuf_r
 .text._write_r
                0x0040bfcc       0x24 c:/program files (x86)/atmel/studio/7.0/toolchain/arm/arm-gnu-toolchain/bin/../lib/gcc/arm-none-eabi/6.3.1/../../../../arm-none-eabi/lib/thumb/v7e-m\libc_nano.a(lib_a-writer.o)
                0x0040bfcc                _write_r
 .text.__swsetup_r
                0x0040bff0       0xdc c:/program files (x86)/atmel/studio/7.0/toolchain/arm/arm-gnu-toolchain/bin/../lib/gcc/arm-none-eabi/6.3.1/../../../../arm-none-eabi/lib/thumb/v7e-m\libc_nano.a(lib_a-wsetup.o)
                0x0040bff0                __swsetup_r
 .text._close_r
                0x0040c0cc       0x20 c:/program files (x86)/atmel/studio/7.0/toolchain/arm/arm-gnu-toolchain/bin/../lib/gcc/arm-none-eabi/6.3.1/../../../../arm-none-eabi/lib/thumb/v7e-m\libc_nano.a(lib_a-closer.o)
                0x0040c0cc                _close_r
 .text._fstat_r
                0x0040c0ec       0x24 c:/program files (x86)/atmel/studio/7.0/toolchain/arm/arm-gnu-toolchain/bin/../lib/gcc/arm-none-eabi/6.3.1/../../../../arm-none-eabi/lib/thumb/v7e-m\libc_nano.a(lib_a-fstatr.o)
                0x0040c0ec                _fstat_r
 .text._isatty_r
                0x0040c110       0x20 c:/program files (x86)/atmel/studio/7.0/toolchain/arm/arm-gnu-toolchain/bin/../lib/gcc/arm-none-eabi/6.3.1/../../../../arm-none-eabi/lib/thumb/v7e-m\libc_nano.a(lib_a-isattyr.o)
                0x0040c110                _isatty_r
 .text._lseek_r
                0x0040c130       0x24 c:/program files (x86)/atmel/studio/7.0/toolchain/arm/arm-gnu-toolchain/bin/../lib/gcc/arm-none-eabi/6.3.1/../../../../arm-none-eabi/lib/thumb/v7e-m\libc_nano.a(lib_a-lseekr.o)
                0x0040c130                _lseek_r
 .text.__ascii_mbtowc
                0x0040c154       0x24 c:/program files (x86)/atmel/studio/7.0/toolchain/arm/arm-gnu-toolchain/bin/../lib/gcc/arm-none-eabi/6.3.1/../../../../arm-none-eabi/lib/thumb/v7e-m\libc_nano.a(lib_a-mbtowc_r.o)
                0x0040c154                __ascii_mbtowc
 .text.memmove  0x0040c178       0x34 c:/program files (x86)/atmel/studio/7.0/toolchain/arm/arm-gnu-toolchain/bin/../lib/gcc/arm-none-eabi/6.3.1/../../../../arm-none-eabi/lib/thumb/v7e-m\libc_nano.a(lib_a-memmove.o)
                0x0040c178                memmove
 .text.__malloc_lock
                0x0040c1ac        0x2 c:/program files (x86)/atmel/studio/7.0/toolchain/arm/arm-gnu-toolchain/bin/../lib/gcc/arm-none-eabi/6.3.1/../../../../arm-none-eabi/lib/thumb/v7e-m\libc_nano.a(lib_a-mlock.o)
                0x0040c1ac                __malloc_lock
 .text.__malloc_unlock
                0x0040c1ae        0x2 c:/program files (x86)/atmel/studio/7.0/toolchain/arm/arm-gnu-toolchain/bin/../lib/gcc/arm-none-eabi/6.3.1/../../../../arm-none-eabi/lib/thumb/v7e-m\libc_nano.a(lib_a-mlock.o)
                0x0040c1ae                __malloc_unlock
 .text._realloc_r
                0x0040c1b0       0x4c c:/program files (x86)/atmel/studio/7.0/toolchain/arm/arm-gnu-toolchain/bin/../lib/gcc/arm-none-eabi/6.3.1/../../../../arm-none-eabi/lib/thumb/v7e-m\libc_nano.a(lib_a-nano-reallocr.o)
                0x0040c1b0                _realloc_r
 .text._read_r  0x0040c1fc       0x24 c:/program files (x86)/atmel/studio/7.0/toolchain/arm/arm-gnu-toolchain/bin/../lib/gcc/arm-none-eabi/6.3.1/../../../../arm-none-eabi/lib/thumb/v7e-m\libc_nano.a(lib_a-readr.o)
                0x0040c1fc                _read_r
 .text.__ascii_wctomb
                0x0040c220       0x1a c:/program files (x86)/atmel/studio/7.0/toolchain/arm/arm-gnu-toolchain/bin/../lib/gcc/arm-none-eabi/6.3.1/../../../../arm-none-eabi/lib/thumb/v7e-m\libc_nano.a(lib_a-wctomb_r.o)
                0x0040c220                __ascii_wctomb
 .text._malloc_usable_size_r
                0x0040c23a       0x12 c:/program files (x86)/atmel/studio/7.0/toolchain/arm/arm-gnu-toolchain/bin/../lib/gcc/arm-none-eabi/6.3.1/../../../../arm-none-eabi/lib/thumb/v7e-m\libc_nano.a(lib_a-nano-msizer.o)
                0x0040c23a                _malloc_usable_size_r
 .text          0x0040c24c      0x370 c:/program files (x86)/atmel/studio/7.0/toolchain/arm/arm-gnu-toolchain/bin/../lib/gcc/arm-none-eabi/6.3.1/thumb/v7e-m\libgcc.a(_arm_addsubdf3.o)
                0x0040c24c                __aeabi_drsub
                0x0040c254                __aeabi_dsub
                0x0040c254                __subdf3
                0x0040c258                __aeabi_dadd
                0x0040c258                __adddf3
                0x0040c4d0                __floatunsidf
                0x0040c4d0                __aeabi_ui2d
                0x0040c4f0                __floatsidf
                0x0040c4f0                __aeabi_i2d
                0x0040c514                __aeabi_f2d
                0x0040c514                __extendsfdf2
                0x0040c550                __floatundidf
                0x0040c550                __aeabi_ul2d
                0x0040c560                __floatdidf
                0x0040c560                __aeabi_l2d
 .text          0x0040c5bc      0x424 c:/program files (x86)/atmel/studio/7.0/toolchain/arm/arm-gnu-toolchain/bin/../lib/gcc/arm-none-eabi/6.3.1/thumb/v7e-m\libgcc.a(_arm_muldivdf3.o)
                0x0040c5bc                __aeabi_dmul
                0x0040c5bc                __muldf3
                0x0040c810                __divdf3
                0x0040c810                __aeabi_ddiv
 .text          0x0040c9e0      0x110 c:/program files (x86)/atmel/studio/7.0/toolchain/arm/arm-gnu-toolchain/bin/../lib/gcc/arm-none-eabi/6.3.1/thumb/v7e-m\libgcc.a(_arm_cmpdf2.o)
                0x0040c9e0                __gtdf2
                0x0040c9e0                __gedf2
                0x0040c9e8                __ltdf2
                0x0040c9e8                __ledf2
                0x0040c9f0                __nedf2
                0x0040c9f0                __eqdf2
                0x0040c9f0                __cmpdf2
                0x0040ca6c                __aeabi_cdrcmple
                0x0040ca7c                __aeabi_cdcmpeq
                0x0040ca7c                __aeabi_cdcmple
                0x0040ca8c                __aeabi_dcmpeq
                0x0040caa0                __aeabi_dcmplt
                0x0040cab4                __aeabi_dcmple
                0x0040cac8                __aeabi_dcmpge
                0x0040cadc                __aeabi_dcmpgt
 .text          0x0040caf0       0x2c c:/program files (x86)/atmel/studio/7.0/toolchain/arm/arm-gnu-toolchain/bin/../lib/gcc/arm-none-eabi/6.3.1/thumb/v7e-m\libgcc.a(_arm_unorddf2.o)
                0x0040caf0                __unorddf2
                0x0040caf0                __aeabi_dcmpun
 .text          0x0040cb1c       0x50 c:/program files (x86)/atmel/studio/7.0/toolchain/arm/arm-gnu-toolchain/bin/../lib/gcc/arm-none-eabi/6.3.1/thumb/v7e-m\libgcc.a(_arm_fixdfsi.o)
                0x0040cb1c                __aeabi_d2iz
                0x0040cb1c                __fixdfsi
 .text          0x0040cb6c       0x40 c:/program files (x86)/atmel/studio/7.0/toolchain/arm/arm-gnu-toolchain/bin/../lib/gcc/arm-none-eabi/6.3.1/thumb/v7e-m\libgcc.a(_arm_fixunsdfsi.o)
                0x0040cb6c                __aeabi_d2uiz
                0x0040cb6c                __fixunsdfsi
 .text          0x0040cbac       0x30 c:/program files (x86)/atmel/studio/7.0/toolchain/arm/arm-gnu-toolchain/bin/../lib/gcc/arm-none-eabi/6.3.1/thumb/v7e-m\libgcc.a(_aeabi_uldivmod.o)
                0x0040cbac                __aeabi_uldivmod
 .text          0x0040cbdc      0x2dc c:/program files (x86)/atmel/studio/7.0/toolchain/arm/arm-gnu-toolchain/bin/../lib/gcc/arm-none-eabi/6.3.1/thumb/v7e-m\libgcc.a(_udivmoddi4.o)
                0x0040cbdc                __udivmoddi4
 .text          0x0040ceb8        0x4 c:/program files (x86)/atmel/studio/7.0/toolchain/arm/arm-gnu-toolchain/bin/../lib/gcc/arm-none-eabi/6.3.1/thumb/v7e-m\libgcc.a(_dvmd_tls.o)
                0x0040ceb8                __aeabi_idiv0
                0x0040ceb8                __aeabi_ldiv0
 *(.glue_7t)
 .glue_7t       0x0040cebc        0x0 linker stubs
 *(.glue_7)
 .glue_7        0x0040cebc        0x0 linker stubs
 *(.rodata .rodata* .gnu.linkonce.r.*)
 .rodata        0x0040cebc      0x2b2 source/application/smartsonic-hellochirp-example/main.o
 *fill*         0x0040d16e        0x2 
 .rodata        0x0040d170       0xe6 source/ultrasound/src/ultrasound_display_config_info.o
 *fill*         0x0040d256        0x2 
 .rodata        0x0040d258       0x70 source/board/HAL/src/chbsp_chirp_samg55.o
 .rodata.adc_interrupt_mask
                0x0040d2c8       0x60 source/board/sam/drivers/adc/adc2.o
                0x0040d2c8                adc_interrupt_mask
 .rodata        0x0040d328       0x41 source/drivers/chirpmicro/src/ch201_gprmt_fw.o
 *fill*         0x0040d369        0x3 
 .rodata.ram_ch201_gprmt_init
                0x0040d36c       0x1c source/drivers/chirpmicro/src/ch201_gprmt_fw.o
                0x0040d36c                ram_ch201_gprmt_init
 .rodata.ch201_gprmt_fw
                0x0040d388      0x800 source/drivers/chirpmicro/src/ch201_gprmt_fw.o
                0x0040d388                ch201_gprmt_fw
 .rodata        0x0040db88       0x8e source/drivers/chirpmicro/src/ch_common.o
 *fill*         0x0040dc16        0x2 
 .rodata        0x0040dc18      0x22c source/drivers/chirpmicro/src/ch_driver.o
 .rodata        0x0040de44       0x50 source/drivers/inv/inv_uart.o
 .rodata._global_impure_ptr
                0x0040de94        0x4 c:/program files (x86)/atmel/studio/7.0/toolchain/arm/arm-gnu-toolchain/bin/../lib/gcc/arm-none-eabi/6.3.1/../../../../arm-none-eabi/lib/thumb/v7e-m\libc_nano.a(lib_a-impure.o)
                0x0040de94                _global_impure_ptr
 .rodata._printf_float.str1.1
                0x0040de98       0x12 c:/program files (x86)/atmel/studio/7.0/toolchain/arm/arm-gnu-toolchain/bin/../lib/gcc/arm-none-eabi/6.3.1/../../../../arm-none-eabi/lib/thumb/v7e-m\libc_nano.a(lib_a-nano-vfprintf_float.o)
 .rodata._printf_i.str1.1
                0x0040deaa       0x22 c:/program files (x86)/atmel/studio/7.0/toolchain/arm/arm-gnu-toolchain/bin/../lib/gcc/arm-none-eabi/6.3.1/../../../../arm-none-eabi/lib/thumb/v7e-m\libc_nano.a(lib_a-nano-vfprintf_i.o)
 .rodata._dtoa_r.str1.1
                0x0040decc        0xd c:/program files (x86)/atmel/studio/7.0/toolchain/arm/arm-gnu-toolchain/bin/../lib/gcc/arm-none-eabi/6.3.1/../../../../arm-none-eabi/lib/thumb/v7e-m\libc_nano.a(lib_a-dtoa.o)
                                  0xf (size before relaxing)
 *fill*         0x0040ded9        0x3 
 .rodata.__sf_fake_stderr
                0x0040dedc       0x20 c:/program files (x86)/atmel/studio/7.0/toolchain/arm/arm-gnu-toolchain/bin/../lib/gcc/arm-none-eabi/6.3.1/../../../../arm-none-eabi/lib/thumb/v7e-m\libc_nano.a(lib_a-findfp.o)
                0x0040dedc                __sf_fake_stderr
 .rodata.__sf_fake_stdin
                0x0040defc       0x20 c:/program files (x86)/atmel/studio/7.0/toolchain/arm/arm-gnu-toolchain/bin/../lib/gcc/arm-none-eabi/6.3.1/../../../../arm-none-eabi/lib/thumb/v7e-m\libc_nano.a(lib_a-findfp.o)
                0x0040defc                __sf_fake_stdin
 .rodata.__sf_fake_stdout
                0x0040df1c       0x20 c:/program files (x86)/atmel/studio/7.0/toolchain/arm/arm-gnu-toolchain/bin/../lib/gcc/arm-none-eabi/6.3.1/../../../../arm-none-eabi/lib/thumb/v7e-m\libc_nano.a(lib_a-findfp.o)
                0x0040df1c                __sf_fake_stdout
 *fill*         0x0040df3c        0x4 
 .rodata.__mprec_bigtens
                0x0040df40       0x28 c:/program files (x86)/atmel/studio/7.0/toolchain/arm/arm-gnu-toolchain/bin/../lib/gcc/arm-none-eabi/6.3.1/../../../../arm-none-eabi/lib/thumb/v7e-m\libc_nano.a(lib_a-mprec.o)
                0x0040df40                __mprec_bigtens
 .rodata.__mprec_tens
                0x0040df68       0xc8 c:/program files (x86)/atmel/studio/7.0/toolchain/arm/arm-gnu-toolchain/bin/../lib/gcc/arm-none-eabi/6.3.1/../../../../arm-none-eabi/lib/thumb/v7e-m\libc_nano.a(lib_a-mprec.o)
                0x0040df68                __mprec_tens
 .rodata.p05.6047
                0x0040e030        0xc c:/program files (x86)/atmel/studio/7.0/toolchain/arm/arm-gnu-toolchain/bin/../lib/gcc/arm-none-eabi/6.3.1/../../../../arm-none-eabi/lib/thumb/v7e-m\libc_nano.a(lib_a-mprec.o)
 .rodata._svfprintf_r.str1.1
                0x0040e03c       0x11 c:/program files (x86)/atmel/studio/7.0/toolchain/arm/arm-gnu-toolchain/bin/../lib/gcc/arm-none-eabi/6.3.1/../../../../arm-none-eabi/lib/thumb/v7e-m\libc_nano.a(lib_a-nano-svfprintf.o)
 .rodata._vfprintf_r.str1.1
                0x0040e04d       0x11 c:/program files (x86)/atmel/studio/7.0/toolchain/arm/arm-gnu-toolchain/bin/../lib/gcc/arm-none-eabi/6.3.1/../../../../arm-none-eabi/lib/thumb/v7e-m\libc_nano.a(lib_a-nano-vfprintf.o)
 .rodata._setlocale_r.str1.1
                0x0040e04d        0x8 c:/program files (x86)/atmel/studio/7.0/toolchain/arm/arm-gnu-toolchain/bin/../lib/gcc/arm-none-eabi/6.3.1/../../../../arm-none-eabi/lib/thumb/v7e-m\libc_nano.a(lib_a-locale.o)
                                  0x9 (size before relaxing)
 .rodata.str1.1
                0x0040e055        0x2 c:/program files (x86)/atmel/studio/7.0/toolchain/arm/arm-gnu-toolchain/bin/../lib/gcc/arm-none-eabi/6.3.1/../../../../arm-none-eabi/lib/thumb/v7e-m\libc_nano.a(lib_a-locale.o)
 .rodata._ctype_
                0x0040e057      0x101 c:/program files (x86)/atmel/studio/7.0/toolchain/arm/arm-gnu-toolchain/bin/../lib/gcc/arm-none-eabi/6.3.1/../../../../arm-none-eabi/lib/thumb/v7e-m\libc_nano.a(lib_a-ctype_.o)
                0x0040e057                _ctype_
 *(.ARM.extab* .gnu.linkonce.armextab.*)
                0x0040e158                . = ALIGN (0x4)
 *(.init)
 .init          0x0040e158        0x4 c:/program files (x86)/atmel/studio/7.0/toolchain/arm/arm-gnu-toolchain/bin/../lib/gcc/arm-none-eabi/6.3.1/thumb/v7e-m/crti.o
                0x0040e158                _init
 .init          0x0040e15c        0x8 c:/program files (x86)/atmel/studio/7.0/toolchain/arm/arm-gnu-toolchain/bin/../lib/gcc/arm-none-eabi/6.3.1/thumb/v7e-m/crtn.o
                0x0040e164                . = ALIGN (0x4)
                0x0040e164                __preinit_array_start = .
 *(.preinit_array)
                0x0040e164                __preinit_array_end = .
                0x0040e164                . = ALIGN (0x4)
                0x0040e164                __init_array_start = .
 *(SORT(.init_array.*))
 *(.init_array)
 .init_array    0x0040e164        0x4 c:/program files (x86)/atmel/studio/7.0/toolchain/arm/arm-gnu-toolchain/bin/../lib/gcc/arm-none-eabi/6.3.1/thumb/v7e-m/crtbegin.o
                0x0040e168                __init_array_end = .
                0x0040e168                . = ALIGN (0x4)
 *crtbegin.o(.ctors)
 *(EXCLUDE_FILE(*crtend.o) .ctors)
 *(SORT(.ctors.*))
 *crtend.o(.ctors)
                0x0040e168                . = ALIGN (0x4)
 *(.fini)
 .fini          0x0040e168        0x4 c:/program files (x86)/atmel/studio/7.0/toolchain/arm/arm-gnu-toolchain/bin/../lib/gcc/arm-none-eabi/6.3.1/thumb/v7e-m/crti.o
                0x0040e168                _fini
 .fini          0x0040e16c        0x8 c:/program files (x86)/atmel/studio/7.0/toolchain/arm/arm-gnu-toolchain/bin/../lib/gcc/arm-none-eabi/6.3.1/thumb/v7e-m/crtn.o
                0x0040e174                . = ALIGN (0x4)
                0x0040e174                __fini_array_start = .
 *(.fini_array)
 .fini_array    0x0040e174        0x4 c:/program files (x86)/atmel/studio/7.0/toolchain/arm/arm-gnu-toolchain/bin/../lib/gcc/arm-none-eabi/6.3.1/thumb/v7e-m/crtbegin.o
 *(SORT(.fini_array.*))
                0x0040e178                __fini_array_end = .
 *crtbegin.o(.dtors)
 *(EXCLUDE_FILE(*crtend.o) .dtors)
 *(SORT(.dtors.*))
 *crtend.o(.dtors)
                0x0040e178                . = ALIGN (0x4)
                0x0040e178                _efixed = .
                [!provide]                PROVIDE (__exidx_start, .)

.vfp11_veneer   0x0040e178        0x0
 .vfp11_veneer  0x0040e178        0x0 linker stubs

.v4_bx          0x0040e178        0x0
 .v4_bx         0x0040e178        0x0 linker stubs

.iplt           0x0040e178        0x0
 .iplt          0x0040e178        0x0 c:/program files (x86)/atmel/studio/7.0/toolchain/arm/arm-gnu-toolchain/bin/../lib/gcc/arm-none-eabi/6.3.1/thumb/v7e-m/crtbegin.o

.ARM.exidx      0x0040e178        0x8
 *(.ARM.exidx* .gnu.linkonce.armexidx.*)
 .ARM.exidx     0x0040e178        0x8 c:/program files (x86)/atmel/studio/7.0/toolchain/arm/arm-gnu-toolchain/bin/../lib/gcc/arm-none-eabi/6.3.1/thumb/v7e-m\libgcc.a(_udivmoddi4.o)
                [!provide]                PROVIDE (__exidx_end, .)

.eh_frame       0x0040e180        0x0
 .eh_frame      0x0040e180        0x0 c:/program files (x86)/atmel/studio/7.0/toolchain/arm/arm-gnu-toolchain/bin/../lib/gcc/arm-none-eabi/6.3.1/thumb/v7e-m/crtbegin.o

.rel.dyn        0x0040e180        0x0
 .rel.iplt      0x0040e180        0x0 c:/program files (x86)/atmel/studio/7.0/toolchain/arm/arm-gnu-toolchain/bin/../lib/gcc/arm-none-eabi/6.3.1/thumb/v7e-m/crtbegin.o

.jcr            0x0040e180        0x0
 .jcr           0x0040e180        0x0 c:/program files (x86)/atmel/studio/7.0/toolchain/arm/arm-gnu-toolchain/bin/../lib/gcc/arm-none-eabi/6.3.1/thumb/v7e-m/crtbegin.o

.igot.plt       0x0040e180        0x0
 .igot.plt      0x0040e180        0x0 c:/program files (x86)/atmel/studio/7.0/toolchain/arm/arm-gnu-toolchain/bin/../lib/gcc/arm-none-eabi/6.3.1/thumb/v7e-m/crtbegin.o
                0x0040e180                . = ALIGN (0x4)
                0x0040e180                _etext = .

.relocate       0x20000000      0x348 load address 0x0040e180